09:25:46 **** Build of project standalone_bsp_0 ****
make -k all 
"Running Make include in ps7_cortexa9_0/libsrc/coresightps_dcc_v1_4/src"
make -C ps7_cortexa9_0/libsrc/coresightps_dcc_v1_4/src -s include  "SHELL=CMD" "COMPILER=arm-none-eabi-gcc" "ARCHIVER=arm-none-eabi-ar" "COMPILER_FLAGS=  -O2 -c" "EXTRA_COMPILER_FLAGS=-mcpu=cortex-a9 -mfpu=vfpv3 -mfloat-abi=hard -nostartfiles -g -Wall -Wextra -O0 -g3 -DDEBUG"
"Running Make include in ps7_cortexa9_0/libsrc/cpu_cortexa9_v2_6/src"
make -C ps7_cortexa9_0/libsrc/cpu_cortexa9_v2_6/src -s include  "SHELL=CMD" "COMPILER=arm-none-eabi-gcc" "ARCHIVER=arm-none-eabi-ar" "COMPILER_FLAGS=  -O2 -c" "EXTRA_COMPILER_FLAGS=-mcpu=cortex-a9 -mfpu=vfpv3 -mfloat-abi=hard -nostartfiles -g -Wall -Wextra -O0 -g3 -DDEBUG"
"Running Make include in ps7_cortexa9_0/libsrc/ddrps_v1_0/src"
make -C ps7_cortexa9_0/libsrc/ddrps_v1_0/src -s include  "SHELL=CMD" "COMPILER=arm-none-eabi-gcc" "ARCHIVER=arm-none-eabi-ar" "COMPILER_FLAGS=  -O2 -c" "EXTRA_COMPILER_FLAGS=-mcpu=cortex-a9 -mfpu=vfpv3 -mfloat-abi=hard -nostartfiles -g -Wall -Wextra -O0 -g3 -DDEBUG"
"Running Make include in ps7_cortexa9_0/libsrc/devcfg_v3_5/src"
make -C ps7_cortexa9_0/libsrc/devcfg_v3_5/src -s include  "SHELL=CMD" "COMPILER=arm-none-eabi-gcc" "ARCHIVER=arm-none-eabi-ar" "COMPILER_FLAGS=  -O2 -c" "EXTRA_COMPILER_FLAGS=-mcpu=cortex-a9 -mfpu=vfpv3 -mfloat-abi=hard -nostartfiles -g -Wall -Wextra -O0 -g3 -DDEBUG"
"Running Make include in ps7_cortexa9_0/libsrc/dmaps_v2_3/src"
make -C ps7_cortexa9_0/libsrc/dmaps_v2_3/src -s include  "SHELL=CMD" "COMPILER=arm-none-eabi-gcc" "ARCHIVER=arm-none-eabi-ar" "COMPILER_FLAGS=  -O2 -c" "EXTRA_COMPILER_FLAGS=-mcpu=cortex-a9 -mfpu=vfpv3 -mfloat-abi=hard -nostartfiles -g -Wall -Wextra -O0 -g3 -DDEBUG"
"Running Make include in ps7_cortexa9_0/libsrc/emacps_v3_7/src"
make -C ps7_cortexa9_0/libsrc/emacps_v3_7/src -s include  "SHELL=CMD" "COMPILER=arm-none-eabi-gcc" "ARCHIVER=arm-none-eabi-ar" "COMPILER_FLAGS=  -O2 -c" "EXTRA_COMPILER_FLAGS=-mcpu=cortex-a9 -mfpu=vfpv3 -mfloat-abi=hard -nostartfiles -g -Wall -Wextra -O0 -g3 -DDEBUG"
"Running Make include in ps7_cortexa9_0/libsrc/gpio_v4_3/src"
make -C ps7_cortexa9_0/libsrc/gpio_v4_3/src -s include  "SHELL=CMD" "COMPILER=arm-none-eabi-gcc" "ARCHIVER=arm-none-eabi-ar" "COMPILER_FLAGS=  -O2 -c" "EXTRA_COMPILER_FLAGS=-mcpu=cortex-a9 -mfpu=vfpv3 -mfloat-abi=hard -nostartfiles -g -Wall -Wextra -O0 -g3 -DDEBUG"
"Running Make include in ps7_cortexa9_0/libsrc/gpiops_v3_3/src"
make -C ps7_cortexa9_0/libsrc/gpiops_v3_3/src -s include  "SHELL=CMD" "COMPILER=arm-none-eabi-gcc" "ARCHIVER=arm-none-eabi-ar" "COMPILER_FLAGS=  -O2 -c" "EXTRA_COMPILER_FLAGS=-mcpu=cortex-a9 -mfpu=vfpv3 -mfloat-abi=hard -nostartfiles -g -Wall -Wextra -O0 -g3 -DDEBUG"
"Running Make include in ps7_cortexa9_0/libsrc/intc_v3_7/src"
make -C ps7_cortexa9_0/libsrc/intc_v3_7/src -s include  "SHELL=CMD" "COMPILER=arm-none-eabi-gcc" "ARCHIVER=arm-none-eabi-ar" "COMPILER_FLAGS=  -O2 -c" "EXTRA_COMPILER_FLAGS=-mcpu=cortex-a9 -mfpu=vfpv3 -mfloat-abi=hard -nostartfiles -g -Wall -Wextra -O0 -g3 -DDEBUG"
"Running Make include in ps7_cortexa9_0/libsrc/qspips_v3_4/src"
make -C ps7_cortexa9_0/libsrc/qspips_v3_4/src -s include  "SHELL=CMD" "COMPILER=arm-none-eabi-gcc" "ARCHIVER=arm-none-eabi-ar" "COMPILER_FLAGS=  -O2 -c" "EXTRA_COMPILER_FLAGS=-mcpu=cortex-a9 -mfpu=vfpv3 -mfloat-abi=hard -nostartfiles -g -Wall -Wextra -O0 -g3 -DDEBUG"
"Running Make include in ps7_cortexa9_0/libsrc/scugic_v3_9/src"
make -C ps7_cortexa9_0/libsrc/scugic_v3_9/src -s include  "SHELL=CMD" "COMPILER=arm-none-eabi-gcc" "ARCHIVER=arm-none-eabi-ar" "COMPILER_FLAGS=  -O2 -c" "EXTRA_COMPILER_FLAGS=-mcpu=cortex-a9 -mfpu=vfpv3 -mfloat-abi=hard -nostartfiles -g -Wall -Wextra -O0 -g3 -DDEBUG"
"Running Make include in ps7_cortexa9_0/libsrc/scutimer_v2_1/src"
make -C ps7_cortexa9_0/libsrc/scutimer_v2_1/src -s include  "SHELL=CMD" "COMPILER=arm-none-eabi-gcc" "ARCHIVER=arm-none-eabi-ar" "COMPILER_FLAGS=  -O2 -c" "EXTRA_COMPILER_FLAGS=-mcpu=cortex-a9 -mfpu=vfpv3 -mfloat-abi=hard -nostartfiles -g -Wall -Wextra -O0 -g3 -DDEBUG"
"Running Make include in ps7_cortexa9_0/libsrc/scuwdt_v2_1/src"
make -C ps7_cortexa9_0/libsrc/scuwdt_v2_1/src -s include  "SHELL=CMD" "COMPILER=arm-none-eabi-gcc" "ARCHIVER=arm-none-eabi-ar" "COMPILER_FLAGS=  -O2 -c" "EXTRA_COMPILER_FLAGS=-mcpu=cortex-a9 -mfpu=vfpv3 -mfloat-abi=hard -nostartfiles -g -Wall -Wextra -O0 -g3 -DDEBUG"
"Running Make include in ps7_cortexa9_0/libsrc/sdps_v3_4/src"
make -C ps7_cortexa9_0/libsrc/sdps_v3_4/src -s include  "SHELL=CMD" "COMPILER=arm-none-eabi-gcc" "ARCHIVER=arm-none-eabi-ar" "COMPILER_FLAGS=  -O2 -c" "EXTRA_COMPILER_FLAGS=-mcpu=cortex-a9 -mfpu=vfpv3 -mfloat-abi=hard -nostartfiles -g -Wall -Wextra -O0 -g3 -DDEBUG"
"Running Make include in ps7_cortexa9_0/libsrc/standalone_v6_6/src"
make -C ps7_cortexa9_0/libsrc/standalone_v6_6/src -s include  "SHELL=CMD" "COMPILER=arm-none-eabi-gcc" "ARCHIVER=arm-none-eabi-ar" "COMPILER_FLAGS=  -O2 -c" "EXTRA_COMPILER_FLAGS=-mcpu=cortex-a9 -mfpu=vfpv3 -mfloat-abi=hard -nostartfiles -g -Wall -Wextra -O0 -g3 -DDEBUG"
"Running Make include in ps7_cortexa9_0/libsrc/ttcps_v3_5/src"
make -C ps7_cortexa9_0/libsrc/ttcps_v3_5/src -s include  "SHELL=CMD" "COMPILER=arm-none-eabi-gcc" "ARCHIVER=arm-none-eabi-ar" "COMPILER_FLAGS=  -O2 -c" "EXTRA_COMPILER_FLAGS=-mcpu=cortex-a9 -mfpu=vfpv3 -mfloat-abi=hard -nostartfiles -g -Wall -Wextra -O0 -g3 -DDEBUG"
"Running Make include in ps7_cortexa9_0/libsrc/uartps_v3_6/src"
make -C ps7_cortexa9_0/libsrc/uartps_v3_6/src -s include  "SHELL=CMD" "COMPILER=arm-none-eabi-gcc" "ARCHIVER=arm-none-eabi-ar" "COMPILER_FLAGS=  -O2 -c" "EXTRA_COMPILER_FLAGS=-mcpu=cortex-a9 -mfpu=vfpv3 -mfloat-abi=hard -nostartfiles -g -Wall -Wextra -O0 -g3 -DDEBUG"
"Running Make include in ps7_cortexa9_0/libsrc/usbps_v2_4/src"
make -C ps7_cortexa9_0/libsrc/usbps_v2_4/src -s include  "SHELL=CMD" "COMPILER=arm-none-eabi-gcc" "ARCHIVER=arm-none-eabi-ar" "COMPILER_FLAGS=  -O2 -c" "EXTRA_COMPILER_FLAGS=-mcpu=cortex-a9 -mfpu=vfpv3 -mfloat-abi=hard -nostartfiles -g -Wall -Wextra -O0 -g3 -DDEBUG"
"Running Make include in ps7_cortexa9_0/libsrc/xadcps_v2_2/src"
make -C ps7_cortexa9_0/libsrc/xadcps_v2_2/src -s include  "SHELL=CMD" "COMPILER=arm-none-eabi-gcc" "ARCHIVER=arm-none-eabi-ar" "COMPILER_FLAGS=  -O2 -c" "EXTRA_COMPILER_FLAGS=-mcpu=cortex-a9 -mfpu=vfpv3 -mfloat-abi=hard -nostartfiles -g -Wall -Wextra -O0 -g3 -DDEBUG"
"Running Make libs in ps7_cortexa9_0/libsrc/coresightps_dcc_v1_4/src"
make -C ps7_cortexa9_0/libsrc/coresightps_dcc_v1_4/src -s libs  "SHELL=CMD" "COMPILER=arm-none-eabi-gcc" "ARCHIVER=arm-none-eabi-ar" "COMPILER_FLAGS=  -O2 -c" "EXTRA_COMPILER_FLAGS=-mcpu=cortex-a9 -mfpu=vfpv3 -mfloat-abi=hard -nostartfiles -g -Wall -Wextra -O0 -g3 -DDEBUG"
"Compiling coresightps_dcc"
arm-none-eabi-ar: creating ../../../lib/libxil.a
"Running Make libs in ps7_cortexa9_0/libsrc/cpu_cortexa9_v2_6/src"
make -C ps7_cortexa9_0/libsrc/cpu_cortexa9_v2_6/src -s libs  "SHELL=CMD" "COMPILER=arm-none-eabi-gcc" "ARCHIVER=arm-none-eabi-ar" "COMPILER_FLAGS=  -O2 -c" "EXTRA_COMPILER_FLAGS=-mcpu=cortex-a9 -mfpu=vfpv3 -mfloat-abi=hard -nostartfiles -g -Wall -Wextra -O0 -g3 -DDEBUG"
"Compiling cpu_cortexa9"
"Running Make libs in ps7_cortexa9_0/libsrc/ddrps_v1_0/src"
make -C ps7_cortexa9_0/libsrc/ddrps_v1_0/src -s libs  "SHELL=CMD" "COMPILER=arm-none-eabi-gcc" "ARCHIVER=arm-none-eabi-ar" "COMPILER_FLAGS=  -O2 -c" "EXTRA_COMPILER_FLAGS=-mcpu=cortex-a9 -mfpu=vfpv3 -mfloat-abi=hard -nostartfiles -g -Wall -Wextra -O0 -g3 -DDEBUG"
"Compiling ddrps"
"Running Make libs in ps7_cortexa9_0/libsrc/devcfg_v3_5/src"
make -C ps7_cortexa9_0/libsrc/devcfg_v3_5/src -s libs  "SHELL=CMD" "COMPILER=arm-none-eabi-gcc" "ARCHIVER=arm-none-eabi-ar" "COMPILER_FLAGS=  -O2 -c" "EXTRA_COMPILER_FLAGS=-mcpu=cortex-a9 -mfpu=vfpv3 -mfloat-abi=hard -nostartfiles -g -Wall -Wextra -O0 -g3 -DDEBUG"
"Compiling devcfg"
"Running Make libs in ps7_cortexa9_0/libsrc/dmaps_v2_3/src"
make -C ps7_cortexa9_0/libsrc/dmaps_v2_3/src -s libs  "SHELL=CMD" "COMPILER=arm-none-eabi-gcc" "ARCHIVER=arm-none-eabi-ar" "COMPILER_FLAGS=  -O2 -c" "EXTRA_COMPILER_FLAGS=-mcpu=cortex-a9 -mfpu=vfpv3 -mfloat-abi=hard -nostartfiles -g -Wall -Wextra -O0 -g3 -DDEBUG"
"Compiling dmaps"
"Running Make libs in ps7_cortexa9_0/libsrc/emacps_v3_7/src"
make -C ps7_cortexa9_0/libsrc/emacps_v3_7/src -s libs  "SHELL=CMD" "COMPILER=arm-none-eabi-gcc" "ARCHIVER=arm-none-eabi-ar" "COMPILER_FLAGS=  -O2 -c" "EXTRA_COMPILER_FLAGS=-mcpu=cortex-a9 -mfpu=vfpv3 -mfloat-abi=hard -nostartfiles -g -Wall -Wextra -O0 -g3 -DDEBUG"
"Compiling emacps"
"Running Make libs in ps7_cortexa9_0/libsrc/gpio_v4_3/src"
make -C ps7_cortexa9_0/libsrc/gpio_v4_3/src -s libs  "SHELL=CMD" "COMPILER=arm-none-eabi-gcc" "ARCHIVER=arm-none-eabi-ar" "COMPILER_FLAGS=  -O2 -c" "EXTRA_COMPILER_FLAGS=-mcpu=cortex-a9 -mfpu=vfpv3 -mfloat-abi=hard -nostartfiles -g -Wall -Wextra -O0 -g3 -DDEBUG"
"Compiling gpio"
"Running Make libs in ps7_cortexa9_0/libsrc/gpiops_v3_3/src"
make -C ps7_cortexa9_0/libsrc/gpiops_v3_3/src -s libs  "SHELL=CMD" "COMPILER=arm-none-eabi-gcc" "ARCHIVER=arm-none-eabi-ar" "COMPILER_FLAGS=  -O2 -c" "EXTRA_COMPILER_FLAGS=-mcpu=cortex-a9 -mfpu=vfpv3 -mfloat-abi=hard -nostartfiles -g -Wall -Wextra -O0 -g3 -DDEBUG"
"Compiling gpiops"
"Running Make libs in ps7_cortexa9_0/libsrc/intc_v3_7/src"
make -C ps7_cortexa9_0/libsrc/intc_v3_7/src -s libs  "SHELL=CMD" "COMPILER=arm-none-eabi-gcc" "ARCHIVER=arm-none-eabi-ar" "COMPILER_FLAGS=  -O2 -c" "EXTRA_COMPILER_FLAGS=-mcpu=cortex-a9 -mfpu=vfpv3 -mfloat-abi=hard -nostartfiles -g -Wall -Wextra -O0 -g3 -DDEBUG"
"Compiling intc"
"Running Make libs in ps7_cortexa9_0/libsrc/qspips_v3_4/src"
make -C ps7_cortexa9_0/libsrc/qspips_v3_4/src -s libs  "SHELL=CMD" "COMPILER=arm-none-eabi-gcc" "ARCHIVER=arm-none-eabi-ar" "COMPILER_FLAGS=  -O2 -c" "EXTRA_COMPILER_FLAGS=-mcpu=cortex-a9 -mfpu=vfpv3 -mfloat-abi=hard -nostartfiles -g -Wall -Wextra -O0 -g3 -DDEBUG"
"Compiling qspips"
"Running Make libs in ps7_cortexa9_0/libsrc/scugic_v3_9/src"
make -C ps7_cortexa9_0/libsrc/scugic_v3_9/src -s libs  "SHELL=CMD" "COMPILER=arm-none-eabi-gcc" "ARCHIVER=arm-none-eabi-ar" "COMPILER_FLAGS=  -O2 -c" "EXTRA_COMPILER_FLAGS=-mcpu=cortex-a9 -mfpu=vfpv3 -mfloat-abi=hard -nostartfiles -g -Wall -Wextra -O0 -g3 -DDEBUG"
"Compiling scugic"
"Running Make libs in ps7_cortexa9_0/libsrc/scutimer_v2_1/src"
make -C ps7_cortexa9_0/libsrc/scutimer_v2_1/src -s libs  "SHELL=CMD" "COMPILER=arm-none-eabi-gcc" "ARCHIVER=arm-none-eabi-ar" "COMPILER_FLAGS=  -O2 -c" "EXTRA_COMPILER_FLAGS=-mcpu=cortex-a9 -mfpu=vfpv3 -mfloat-abi=hard -nostartfiles -g -Wall -Wextra -O0 -g3 -DDEBUG"
"Compiling scutimer"
"Running Make libs in ps7_cortexa9_0/libsrc/scuwdt_v2_1/src"
make -C ps7_cortexa9_0/libsrc/scuwdt_v2_1/src -s libs  "SHELL=CMD" "COMPILER=arm-none-eabi-gcc" "ARCHIVER=arm-none-eabi-ar" "COMPILER_FLAGS=  -O2 -c" "EXTRA_COMPILER_FLAGS=-mcpu=cortex-a9 -mfpu=vfpv3 -mfloat-abi=hard -nostartfiles -g -Wall -Wextra -O0 -g3 -DDEBUG"
"Compiling scuwdt"
"Running Make libs in ps7_cortexa9_0/libsrc/sdps_v3_4/src"
make -C ps7_cortexa9_0/libsrc/sdps_v3_4/src -s libs  "SHELL=CMD" "COMPILER=arm-none-eabi-gcc" "ARCHIVER=arm-none-eabi-ar" "COMPILER_FLAGS=  -O2 -c" "EXTRA_COMPILER_FLAGS=-mcpu=cortex-a9 -mfpu=vfpv3 -mfloat-abi=hard -nostartfiles -g -Wall -Wextra -O0 -g3 -DDEBUG"
"Compiling sdps"
xsdps.c: In function 'XSdPs_FrameCmd':
xsdps.c:1272:11: warning: this statement may fall through [-Wimplicit-fallthrough=]
    RetVal |= RESP_R1 | (u32)XSDPS_DAT_PRESENT_SEL_MASK;
xsdps.c:1273:3: note: here
   case ACMD41:
   ^~~~
"Running Make libs in ps7_cortexa9_0/libsrc/standalone_v6_6/src"
make -C ps7_cortexa9_0/libsrc/standalone_v6_6/src -s libs  "SHELL=CMD" "COMPILER=arm-none-eabi-gcc" "ARCHIVER=arm-none-eabi-ar" "COMPILER_FLAGS=  -O2 -c" "EXTRA_COMPILER_FLAGS=-mcpu=cortex-a9 -mfpu=vfpv3 -mfloat-abi=hard -nostartfiles -g -Wall -Wextra -O0 -g3 -DDEBUG"
"Compiling standalone"
In file included from sleep.c:57:0:
xtime_l.h:89:9: note: #pragma message: For the sleep routines, Global timer is being used
 #pragma message ("For the sleep routines, Global timer is being used")
         ^~~~~~~
In file included from usleep.c:60:0:
xtime_l.h:89:9: note: #pragma message: For the sleep routines, Global timer is being used
 #pragma message ("For the sleep routines, Global timer is being used")
         ^~~~~~~
In file included from xil_exception.c:61:0:
xdebug.h:8:2: warning: #warning DEBUG is enabled [-Wcpp]
 #warning DEBUG is enabled
  ^~~~~~~
xil_exception.c: In function 'Xil_DataAbortHandler':
xdebug.h:21:32: warning: statement with no effect [-Wunused-value]
 #define xdbg_printf(type, ...) (((type) & xdbg_current_types) ? printf (__VA_ARGS__) : 0)
                                ^
xil_exception.c:263:9: note: in expansion of macro 'xdbg_printf'
         xdbg_printf(XDBG_DEBUG_ERROR, "Data abort \n");
         ^~~~~~~~~~~
xil_exception.c: In function 'Xil_PrefetchAbortHandler':
xdebug.h:21:32: warning: statement with no effect [-Wunused-value]
 #define xdbg_printf(type, ...) (((type) & xdbg_current_types) ? printf (__VA_ARGS__) : 0)
                                ^
xil_exception.c:298:5: note: in expansion of macro 'xdbg_printf'
     xdbg_printf(XDBG_DEBUG_ERROR, "Prefetch abort \n");
     ^~~~~~~~~~~
In file included from xil_sleeptimer.c:54:0:
xtime_l.h:89:9: note: #pragma message: For the sleep routines, Global timer is being used
 #pragma message ("For the sleep routines, Global timer is being used")
         ^~~~~~~
In file included from xtime_l.c:53:0:
xtime_l.h:89:9: note: #pragma message: For the sleep routines, Global timer is being used
 #pragma message ("For the sleep routines, Global timer is being used")
         ^~~~~~~
"Running Make libs in ps7_cortexa9_0/libsrc/ttcps_v3_5/src"
make -C ps7_cortexa9_0/libsrc/ttcps_v3_5/src -s libs  "SHELL=CMD" "COMPILER=arm-none-eabi-gcc" "ARCHIVER=arm-none-eabi-ar" "COMPILER_FLAGS=  -O2 -c" "EXTRA_COMPILER_FLAGS=-mcpu=cortex-a9 -mfpu=vfpv3 -mfloat-abi=hard -nostartfiles -g -Wall -Wextra -O0 -g3 -DDEBUG"
"Compiling ttcps"
"Running Make libs in ps7_cortexa9_0/libsrc/uartps_v3_6/src"
make -C ps7_cortexa9_0/libsrc/uartps_v3_6/src -s libs  "SHELL=CMD" "COMPILER=arm-none-eabi-gcc" "ARCHIVER=arm-none-eabi-ar" "COMPILER_FLAGS=  -O2 -c" "EXTRA_COMPILER_FLAGS=-mcpu=cortex-a9 -mfpu=vfpv3 -mfloat-abi=hard -nostartfiles -g -Wall -Wextra -O0 -g3 -DDEBUG"
"Compiling uartps"
"Running Make libs in ps7_cortexa9_0/libsrc/usbps_v2_4/src"
make -C ps7_cortexa9_0/libsrc/usbps_v2_4/src -s libs  "SHELL=CMD" "COMPILER=arm-none-eabi-gcc" "ARCHIVER=arm-none-eabi-ar" "COMPILER_FLAGS=  -O2 -c" "EXTRA_COMPILER_FLAGS=-mcpu=cortex-a9 -mfpu=vfpv3 -mfloat-abi=hard -nostartfiles -g -Wall -Wextra -O0 -g3 -DDEBUG"
"Compiling usbps"
"Running Make libs in ps7_cortexa9_0/libsrc/xadcps_v2_2/src"
make -C ps7_cortexa9_0/libsrc/xadcps_v2_2/src -s libs  "SHELL=CMD" "COMPILER=arm-none-eabi-gcc" "ARCHIVER=arm-none-eabi-ar" "COMPILER_FLAGS=  -O2 -c" "EXTRA_COMPILER_FLAGS=-mcpu=cortex-a9 -mfpu=vfpv3 -mfloat-abi=hard -nostartfiles -g -Wall -Wextra -O0 -g3 -DDEBUG"
"Compiling xadcps"
'Finished building libraries'
09:28:35 **** Build of configuration Debug for project Lab2 ****
make pre-build main-build 
a9-linaro-pre-build-step
' '
'Building file: ../src/helloworld.c'
'Invoking: ARM v7 gcc compiler'
arm-none-eabi-gcc -Wall -O0 -g3 -c -fmessage-length=0 -MT"src/helloworld.o" -mcpu=cortex-a9 -mfpu=vfpv3 -mfloat-abi=hard -I../../standalone_bsp_0/ps7_cortexa9_0/include -MMD -MP -MF"src/helloworld.d" -MT"src/helloworld.o" -o "src/helloworld.o" "../src/helloworld.c"
'Finished building: ../src/helloworld.c'
' '
'Building file: ../src/platform.c'
'Invoking: ARM v7 gcc compiler'
arm-none-eabi-gcc -Wall -O0 -g3 -c -fmessage-length=0 -MT"src/platform.o" -mcpu=cortex-a9 -mfpu=vfpv3 -mfloat-abi=hard -I../../standalone_bsp_0/ps7_cortexa9_0/include -MMD -MP -MF"src/platform.d" -MT"src/platform.o" -o "src/platform.o" "../src/platform.c"
'Finished building: ../src/platform.c'
' '
'Building target: Lab2.elf'
'Invoking: ARM v7 gcc linker'
arm-none-eabi-gcc -mcpu=cortex-a9 -mfpu=vfpv3 -mfloat-abi=hard -Wl,-build-id=none -specs=Xilinx.spec -Wl,-T -Wl,../src/lscript.ld -L../../standalone_bsp_0/ps7_cortexa9_0/lib -o "Lab2.elf"  ./src/helloworld.o ./src/platform.o   -Wl,--start-group,-lxil,-lgcc,-lc,--end-group
'Finished building target: Lab2.elf'
' '
'Invoking: ARM v7 Print Size'
arm-none-eabi-size Lab2.elf  |tee "Lab2.elf.size"
   text	   data	    bss	    dec	    hex	filename
  72764	   2584	  23328	  98676	  18174	Lab2.elf
'Finished building: Lab2.elf.size'
' '
09:32:34 **** Auto Build of project standalone_bsp_0 ****
make -k all 
"Running Make include in ps7_cortexa9_0/libsrc/coresightps_dcc_v1_4/src"
make -C ps7_cortexa9_0/libsrc/coresightps_dcc_v1_4/src -s include  "SHELL=CMD" "COMPILER=arm-none-eabi-gcc" "ARCHIVER=arm-none-eabi-ar" "COMPILER_FLAGS=  -O2 -c" "EXTRA_COMPILER_FLAGS=-mcpu=cortex-a9 -mfpu=vfpv3 -mfloat-abi=hard -nostartfiles -g -Wall -Wextra -O0 -g3 -DDEBUG"
"Running Make include in ps7_cortexa9_0/libsrc/cpu_cortexa9_v2_6/src"
make -C ps7_cortexa9_0/libsrc/cpu_cortexa9_v2_6/src -s include  "SHELL=CMD" "COMPILER=arm-none-eabi-gcc" "ARCHIVER=arm-none-eabi-ar" "COMPILER_FLAGS=  -O2 -c" "EXTRA_COMPILER_FLAGS=-mcpu=cortex-a9 -mfpu=vfpv3 -mfloat-abi=hard -nostartfiles -g -Wall -Wextra -O0 -g3 -DDEBUG"
"Running Make include in ps7_cortexa9_0/libsrc/ddrps_v1_0/src"
make -C ps7_cortexa9_0/libsrc/ddrps_v1_0/src -s include  "SHELL=CMD" "COMPILER=arm-none-eabi-gcc" "ARCHIVER=arm-none-eabi-ar" "COMPILER_FLAGS=  -O2 -c" "EXTRA_COMPILER_FLAGS=-mcpu=cortex-a9 -mfpu=vfpv3 -mfloat-abi=hard -nostartfiles -g -Wall -Wextra -O0 -g3 -DDEBUG"
"Running Make include in ps7_cortexa9_0/libsrc/devcfg_v3_5/src"
make -C ps7_cortexa9_0/libsrc/devcfg_v3_5/src -s include  "SHELL=CMD" "COMPILER=arm-none-eabi-gcc" "ARCHIVER=arm-none-eabi-ar" "COMPILER_FLAGS=  -O2 -c" "EXTRA_COMPILER_FLAGS=-mcpu=cortex-a9 -mfpu=vfpv3 -mfloat-abi=hard -nostartfiles -g -Wall -Wextra -O0 -g3 -DDEBUG"
"Running Make include in ps7_cortexa9_0/libsrc/dmaps_v2_3/src"
make -C ps7_cortexa9_0/libsrc/dmaps_v2_3/src -s include  "SHELL=CMD" "COMPILER=arm-none-eabi-gcc" "ARCHIVER=arm-none-eabi-ar" "COMPILER_FLAGS=  -O2 -c" "EXTRA_COMPILER_FLAGS=-mcpu=cortex-a9 -mfpu=vfpv3 -mfloat-abi=hard -nostartfiles -g -Wall -Wextra -O0 -g3 -DDEBUG"
"Running Make include in ps7_cortexa9_0/libsrc/emacps_v3_7/src"
make -C ps7_cortexa9_0/libsrc/emacps_v3_7/src -s include  "SHELL=CMD" "COMPILER=arm-none-eabi-gcc" "ARCHIVER=arm-none-eabi-ar" "COMPILER_FLAGS=  -O2 -c" "EXTRA_COMPILER_FLAGS=-mcpu=cortex-a9 -mfpu=vfpv3 -mfloat-abi=hard -nostartfiles -g -Wall -Wextra -O0 -g3 -DDEBUG"
"Running Make include in ps7_cortexa9_0/libsrc/gpio_v4_3/src"
make -C ps7_cortexa9_0/libsrc/gpio_v4_3/src -s include  "SHELL=CMD" "COMPILER=arm-none-eabi-gcc" "ARCHIVER=arm-none-eabi-ar" "COMPILER_FLAGS=  -O2 -c" "EXTRA_COMPILER_FLAGS=-mcpu=cortex-a9 -mfpu=vfpv3 -mfloat-abi=hard -nostartfiles -g -Wall -Wextra -O0 -g3 -DDEBUG"
"Running Make include in ps7_cortexa9_0/libsrc/gpiops_v3_3/src"
make -C ps7_cortexa9_0/libsrc/gpiops_v3_3/src -s include  "SHELL=CMD" "COMPILER=arm-none-eabi-gcc" "ARCHIVER=arm-none-eabi-ar" "COMPILER_FLAGS=  -O2 -c" "EXTRA_COMPILER_FLAGS=-mcpu=cortex-a9 -mfpu=vfpv3 -mfloat-abi=hard -nostartfiles -g -Wall -Wextra -O0 -g3 -DDEBUG"
"Running Make include in ps7_cortexa9_0/libsrc/intc_v3_7/src"
make -C ps7_cortexa9_0/libsrc/intc_v3_7/src -s include  "SHELL=CMD" "COMPILER=arm-none-eabi-gcc" "ARCHIVER=arm-none-eabi-ar" "COMPILER_FLAGS=  -O2 -c" "EXTRA_COMPILER_FLAGS=-mcpu=cortex-a9 -mfpu=vfpv3 -mfloat-abi=hard -nostartfiles -g -Wall -Wextra -O0 -g3 -DDEBUG"
"Running Make include in ps7_cortexa9_0/libsrc/qspips_v3_4/src"
make -C ps7_cortexa9_0/libsrc/qspips_v3_4/src -s include  "SHELL=CMD" "COMPILER=arm-none-eabi-gcc" "ARCHIVER=arm-none-eabi-ar" "COMPILER_FLAGS=  -O2 -c" "EXTRA_COMPILER_FLAGS=-mcpu=cortex-a9 -mfpu=vfpv3 -mfloat-abi=hard -nostartfiles -g -Wall -Wextra -O0 -g3 -DDEBUG"
"Running Make include in ps7_cortexa9_0/libsrc/scugic_v3_9/src"
make -C ps7_cortexa9_0/libsrc/scugic_v3_9/src -s include  "SHELL=CMD" "COMPILER=arm-none-eabi-gcc" "ARCHIVER=arm-none-eabi-ar" "COMPILER_FLAGS=  -O2 -c" "EXTRA_COMPILER_FLAGS=-mcpu=cortex-a9 -mfpu=vfpv3 -mfloat-abi=hard -nostartfiles -g -Wall -Wextra -O0 -g3 -DDEBUG"
"Running Make include in ps7_cortexa9_0/libsrc/scutimer_v2_1/src"
make -C ps7_cortexa9_0/libsrc/scutimer_v2_1/src -s include  "SHELL=CMD" "COMPILER=arm-none-eabi-gcc" "ARCHIVER=arm-none-eabi-ar" "COMPILER_FLAGS=  -O2 -c" "EXTRA_COMPILER_FLAGS=-mcpu=cortex-a9 -mfpu=vfpv3 -mfloat-abi=hard -nostartfiles -g -Wall -Wextra -O0 -g3 -DDEBUG"
"Running Make include in ps7_cortexa9_0/libsrc/scuwdt_v2_1/src"
make -C ps7_cortexa9_0/libsrc/scuwdt_v2_1/src -s include  "SHELL=CMD" "COMPILER=arm-none-eabi-gcc" "ARCHIVER=arm-none-eabi-ar" "COMPILER_FLAGS=  -O2 -c" "EXTRA_COMPILER_FLAGS=-mcpu=cortex-a9 -mfpu=vfpv3 -mfloat-abi=hard -nostartfiles -g -Wall -Wextra -O0 -g3 -DDEBUG"
"Running Make include in ps7_cortexa9_0/libsrc/sdps_v3_4/src"
make -C ps7_cortexa9_0/libsrc/sdps_v3_4/src -s include  "SHELL=CMD" "COMPILER=arm-none-eabi-gcc" "ARCHIVER=arm-none-eabi-ar" "COMPILER_FLAGS=  -O2 -c" "EXTRA_COMPILER_FLAGS=-mcpu=cortex-a9 -mfpu=vfpv3 -mfloat-abi=hard -nostartfiles -g -Wall -Wextra -O0 -g3 -DDEBUG"
"Running Make include in ps7_cortexa9_0/libsrc/standalone_v6_6/src"
make -C ps7_cortexa9_0/libsrc/standalone_v6_6/src -s include  "SHELL=CMD" "COMPILER=arm-none-eabi-gcc" "ARCHIVER=arm-none-eabi-ar" "COMPILER_FLAGS=  -O2 -c" "EXTRA_COMPILER_FLAGS=-mcpu=cortex-a9 -mfpu=vfpv3 -mfloat-abi=hard -nostartfiles -g -Wall -Wextra -O0 -g3 -DDEBUG"
"Running Make include in ps7_cortexa9_0/libsrc/ttcps_v3_5/src"
make -C ps7_cortexa9_0/libsrc/ttcps_v3_5/src -s include  "SHELL=CMD" "COMPILER=arm-none-eabi-gcc" "ARCHIVER=arm-none-eabi-ar" "COMPILER_FLAGS=  -O2 -c" "EXTRA_COMPILER_FLAGS=-mcpu=cortex-a9 -mfpu=vfpv3 -mfloat-abi=hard -nostartfiles -g -Wall -Wextra -O0 -g3 -DDEBUG"
"Running Make include in ps7_cortexa9_0/libsrc/uartps_v3_6/src"
make -C ps7_cortexa9_0/libsrc/uartps_v3_6/src -s include  "SHELL=CMD" "COMPILER=arm-none-eabi-gcc" "ARCHIVER=arm-none-eabi-ar" "COMPILER_FLAGS=  -O2 -c" "EXTRA_COMPILER_FLAGS=-mcpu=cortex-a9 -mfpu=vfpv3 -mfloat-abi=hard -nostartfiles -g -Wall -Wextra -O0 -g3 -DDEBUG"
"Running Make include in ps7_cortexa9_0/libsrc/usbps_v2_4/src"
make -C ps7_cortexa9_0/libsrc/usbps_v2_4/src -s include  "SHELL=CMD" "COMPILER=arm-none-eabi-gcc" "ARCHIVER=arm-none-eabi-ar" "COMPILER_FLAGS=  -O2 -c" "EXTRA_COMPILER_FLAGS=-mcpu=cortex-a9 -mfpu=vfpv3 -mfloat-abi=hard -nostartfiles -g -Wall -Wextra -O0 -g3 -DDEBUG"
"Running Make include in ps7_cortexa9_0/libsrc/xadcps_v2_2/src"
make -C ps7_cortexa9_0/libsrc/xadcps_v2_2/src -s include  "SHELL=CMD" "COMPILER=arm-none-eabi-gcc" "ARCHIVER=arm-none-eabi-ar" "COMPILER_FLAGS=  -O2 -c" "EXTRA_COMPILER_FLAGS=-mcpu=cortex-a9 -mfpu=vfpv3 -mfloat-abi=hard -nostartfiles -g -Wall -Wextra -O0 -g3 -DDEBUG"
"Running Make libs in ps7_cortexa9_0/libsrc/coresightps_dcc_v1_4/src"
make -C ps7_cortexa9_0/libsrc/coresightps_dcc_v1_4/src -s libs  "SHELL=CMD" "COMPILER=arm-none-eabi-gcc" "ARCHIVER=arm-none-eabi-ar" "COMPILER_FLAGS=  -O2 -c" "EXTRA_COMPILER_FLAGS=-mcpu=cortex-a9 -mfpu=vfpv3 -mfloat-abi=hard -nostartfiles -g -Wall -Wextra -O0 -g3 -DDEBUG"
"Compiling coresightps_dcc"
"Running Make libs in ps7_cortexa9_0/libsrc/cpu_cortexa9_v2_6/src"
make -C ps7_cortexa9_0/libsrc/cpu_cortexa9_v2_6/src -s libs  "SHELL=CMD" "COMPILER=arm-none-eabi-gcc" "ARCHIVER=arm-none-eabi-ar" "COMPILER_FLAGS=  -O2 -c" "EXTRA_COMPILER_FLAGS=-mcpu=cortex-a9 -mfpu=vfpv3 -mfloat-abi=hard -nostartfiles -g -Wall -Wextra -O0 -g3 -DDEBUG"
"Compiling cpu_cortexa9"
"Running Make libs in ps7_cortexa9_0/libsrc/ddrps_v1_0/src"
make -C ps7_cortexa9_0/libsrc/ddrps_v1_0/src -s libs  "SHELL=CMD" "COMPILER=arm-none-eabi-gcc" "ARCHIVER=arm-none-eabi-ar" "COMPILER_FLAGS=  -O2 -c" "EXTRA_COMPILER_FLAGS=-mcpu=cortex-a9 -mfpu=vfpv3 -mfloat-abi=hard -nostartfiles -g -Wall -Wextra -O0 -g3 -DDEBUG"
"Compiling ddrps"
"Running Make libs in ps7_cortexa9_0/libsrc/devcfg_v3_5/src"
make -C ps7_cortexa9_0/libsrc/devcfg_v3_5/src -s libs  "SHELL=CMD" "COMPILER=arm-none-eabi-gcc" "ARCHIVER=arm-none-eabi-ar" "COMPILER_FLAGS=  -O2 -c" "EXTRA_COMPILER_FLAGS=-mcpu=cortex-a9 -mfpu=vfpv3 -mfloat-abi=hard -nostartfiles -g -Wall -Wextra -O0 -g3 -DDEBUG"
"Compiling devcfg"
"Running Make libs in ps7_cortexa9_0/libsrc/dmaps_v2_3/src"
make -C ps7_cortexa9_0/libsrc/dmaps_v2_3/src -s libs  "SHELL=CMD" "COMPILER=arm-none-eabi-gcc" "ARCHIVER=arm-none-eabi-ar" "COMPILER_FLAGS=  -O2 -c" "EXTRA_COMPILER_FLAGS=-mcpu=cortex-a9 -mfpu=vfpv3 -mfloat-abi=hard -nostartfiles -g -Wall -Wextra -O0 -g3 -DDEBUG"
"Compiling dmaps"
"Running Make libs in ps7_cortexa9_0/libsrc/emacps_v3_7/src"
make -C ps7_cortexa9_0/libsrc/emacps_v3_7/src -s libs  "SHELL=CMD" "COMPILER=arm-none-eabi-gcc" "ARCHIVER=arm-none-eabi-ar" "COMPILER_FLAGS=  -O2 -c" "EXTRA_COMPILER_FLAGS=-mcpu=cortex-a9 -mfpu=vfpv3 -mfloat-abi=hard -nostartfiles -g -Wall -Wextra -O0 -g3 -DDEBUG"
"Compiling emacps"
"Running Make libs in ps7_cortexa9_0/libsrc/gpio_v4_3/src"
make -C ps7_cortexa9_0/libsrc/gpio_v4_3/src -s libs  "SHELL=CMD" "COMPILER=arm-none-eabi-gcc" "ARCHIVER=arm-none-eabi-ar" "COMPILER_FLAGS=  -O2 -c" "EXTRA_COMPILER_FLAGS=-mcpu=cortex-a9 -mfpu=vfpv3 -mfloat-abi=hard -nostartfiles -g -Wall -Wextra -O0 -g3 -DDEBUG"
"Compiling gpio"
"Running Make libs in ps7_cortexa9_0/libsrc/gpiops_v3_3/src"
make -C ps7_cortexa9_0/libsrc/gpiops_v3_3/src -s libs  "SHELL=CMD" "COMPILER=arm-none-eabi-gcc" "ARCHIVER=arm-none-eabi-ar" "COMPILER_FLAGS=  -O2 -c" "EXTRA_COMPILER_FLAGS=-mcpu=cortex-a9 -mfpu=vfpv3 -mfloat-abi=hard -nostartfiles -g -Wall -Wextra -O0 -g3 -DDEBUG"
"Compiling gpiops"
"Running Make libs in ps7_cortexa9_0/libsrc/intc_v3_7/src"
make -C ps7_cortexa9_0/libsrc/intc_v3_7/src -s libs  "SHELL=CMD" "COMPILER=arm-none-eabi-gcc" "ARCHIVER=arm-none-eabi-ar" "COMPILER_FLAGS=  -O2 -c" "EXTRA_COMPILER_FLAGS=-mcpu=cortex-a9 -mfpu=vfpv3 -mfloat-abi=hard -nostartfiles -g -Wall -Wextra -O0 -g3 -DDEBUG"
"Compiling intc"
"Running Make libs in ps7_cortexa9_0/libsrc/qspips_v3_4/src"
make -C ps7_cortexa9_0/libsrc/qspips_v3_4/src -s libs  "SHELL=CMD" "COMPILER=arm-none-eabi-gcc" "ARCHIVER=arm-none-eabi-ar" "COMPILER_FLAGS=  -O2 -c" "EXTRA_COMPILER_FLAGS=-mcpu=cortex-a9 -mfpu=vfpv3 -mfloat-abi=hard -nostartfiles -g -Wall -Wextra -O0 -g3 -DDEBUG"
"Compiling qspips"
"Running Make libs in ps7_cortexa9_0/libsrc/scugic_v3_9/src"
make -C ps7_cortexa9_0/libsrc/scugic_v3_9/src -s libs  "SHELL=CMD" "COMPILER=arm-none-eabi-gcc" "ARCHIVER=arm-none-eabi-ar" "COMPILER_FLAGS=  -O2 -c" "EXTRA_COMPILER_FLAGS=-mcpu=cortex-a9 -mfpu=vfpv3 -mfloat-abi=hard -nostartfiles -g -Wall -Wextra -O0 -g3 -DDEBUG"
"Compiling scugic"
"Running Make libs in ps7_cortexa9_0/libsrc/scutimer_v2_1/src"
make -C ps7_cortexa9_0/libsrc/scutimer_v2_1/src -s libs  "SHELL=CMD" "COMPILER=arm-none-eabi-gcc" "ARCHIVER=arm-none-eabi-ar" "COMPILER_FLAGS=  -O2 -c" "EXTRA_COMPILER_FLAGS=-mcpu=cortex-a9 -mfpu=vfpv3 -mfloat-abi=hard -nostartfiles -g -Wall -Wextra -O0 -g3 -DDEBUG"
"Compiling scutimer"
"Running Make libs in ps7_cortexa9_0/libsrc/scuwdt_v2_1/src"
make -C ps7_cortexa9_0/libsrc/scuwdt_v2_1/src -s libs  "SHELL=CMD" "COMPILER=arm-none-eabi-gcc" "ARCHIVER=arm-none-eabi-ar" "COMPILER_FLAGS=  -O2 -c" "EXTRA_COMPILER_FLAGS=-mcpu=cortex-a9 -mfpu=vfpv3 -mfloat-abi=hard -nostartfiles -g -Wall -Wextra -O0 -g3 -DDEBUG"
"Compiling scuwdt"
"Running Make libs in ps7_cortexa9_0/libsrc/sdps_v3_4/src"
make -C ps7_cortexa9_0/libsrc/sdps_v3_4/src -s libs  "SHELL=CMD" "COMPILER=arm-none-eabi-gcc" "ARCHIVER=arm-none-eabi-ar" "COMPILER_FLAGS=  -O2 -c" "EXTRA_COMPILER_FLAGS=-mcpu=cortex-a9 -mfpu=vfpv3 -mfloat-abi=hard -nostartfiles -g -Wall -Wextra -O0 -g3 -DDEBUG"
"Compiling sdps"
xsdps.c: In function 'XSdPs_FrameCmd':
xsdps.c:1272:11: warning: this statement may fall through [-Wimplicit-fallthrough=]
    RetVal |= RESP_R1 | (u32)XSDPS_DAT_PRESENT_SEL_MASK;
xsdps.c:1273:3: note: here
   case ACMD41:
   ^~~~
"Running Make libs in ps7_cortexa9_0/libsrc/standalone_v6_6/src"
make -C ps7_cortexa9_0/libsrc/standalone_v6_6/src -s libs  "SHELL=CMD" "COMPILER=arm-none-eabi-gcc" "ARCHIVER=arm-none-eabi-ar" "COMPILER_FLAGS=  -O2 -c" "EXTRA_COMPILER_FLAGS=-mcpu=cortex-a9 -mfpu=vfpv3 -mfloat-abi=hard -nostartfiles -g -Wall -Wextra -O0 -g3 -DDEBUG"
"Compiling standalone"
In file included from sleep.c:57:0:
xtime_l.h:89:9: note: #pragma message: For the sleep routines, Global timer is being used
 #pragma message ("For the sleep routines, Global timer is being used")
         ^~~~~~~
In file included from usleep.c:60:0:
xtime_l.h:89:9: note: #pragma message: For the sleep routines, Global timer is being used
 #pragma message ("For the sleep routines, Global timer is being used")
         ^~~~~~~
In file included from xil_exception.c:61:0:
xdebug.h:8:2: warning: #warning DEBUG is enabled [-Wcpp]
 #warning DEBUG is enabled
  ^~~~~~~
xil_exception.c: In function 'Xil_DataAbortHandler':
xdebug.h:21:32: warning: statement with no effect [-Wunused-value]
 #define xdbg_printf(type, ...) (((type) & xdbg_current_types) ? printf (__VA_ARGS__) : 0)
                                ^
xil_exception.c:263:9: note: in expansion of macro 'xdbg_printf'
         xdbg_printf(XDBG_DEBUG_ERROR, "Data abort \n");
         ^~~~~~~~~~~
xil_exception.c: In function 'Xil_PrefetchAbortHandler':
xdebug.h:21:32: warning: statement with no effect [-Wunused-value]
 #define xdbg_printf(type, ...) (((type) & xdbg_current_types) ? printf (__VA_ARGS__) : 0)
                                ^
xil_exception.c:298:5: note: in expansion of macro 'xdbg_printf'
     xdbg_printf(XDBG_DEBUG_ERROR, "Prefetch abort \n");
     ^~~~~~~~~~~
In file included from xil_sleeptimer.c:54:0:
xtime_l.h:89:9: note: #pragma message: For the sleep routines, Global timer is being used
 #pragma message ("For the sleep routines, Global timer is being used")
         ^~~~~~~
In file included from xtime_l.c:53:0:
xtime_l.h:89:9: note: #pragma message: For the sleep routines, Global timer is being used
 #pragma message ("For the sleep routines, Global timer is being used")
         ^~~~~~~
"Running Make libs in ps7_cortexa9_0/libsrc/ttcps_v3_5/src"
make -C ps7_cortexa9_0/libsrc/ttcps_v3_5/src -s libs  "SHELL=CMD" "COMPILER=arm-none-eabi-gcc" "ARCHIVER=arm-none-eabi-ar" "COMPILER_FLAGS=  -O2 -c" "EXTRA_COMPILER_FLAGS=-mcpu=cortex-a9 -mfpu=vfpv3 -mfloat-abi=hard -nostartfiles -g -Wall -Wextra -O0 -g3 -DDEBUG"
"Compiling ttcps"
"Running Make libs in ps7_cortexa9_0/libsrc/uartps_v3_6/src"
make -C ps7_cortexa9_0/libsrc/uartps_v3_6/src -s libs  "SHELL=CMD" "COMPILER=arm-none-eabi-gcc" "ARCHIVER=arm-none-eabi-ar" "COMPILER_FLAGS=  -O2 -c" "EXTRA_COMPILER_FLAGS=-mcpu=cortex-a9 -mfpu=vfpv3 -mfloat-abi=hard -nostartfiles -g -Wall -Wextra -O0 -g3 -DDEBUG"
"Compiling uartps"
"Running Make libs in ps7_cortexa9_0/libsrc/usbps_v2_4/src"
make -C ps7_cortexa9_0/libsrc/usbps_v2_4/src -s libs  "SHELL=CMD" "COMPILER=arm-none-eabi-gcc" "ARCHIVER=arm-none-eabi-ar" "COMPILER_FLAGS=  -O2 -c" "EXTRA_COMPILER_FLAGS=-mcpu=cortex-a9 -mfpu=vfpv3 -mfloat-abi=hard -nostartfiles -g -Wall -Wextra -O0 -g3 -DDEBUG"
"Compiling usbps"
"Running Make libs in ps7_cortexa9_0/libsrc/xadcps_v2_2/src"
make -C ps7_cortexa9_0/libsrc/xadcps_v2_2/src -s libs  "SHELL=CMD" "COMPILER=arm-none-eabi-gcc" "ARCHIVER=arm-none-eabi-ar" "COMPILER_FLAGS=  -O2 -c" "EXTRA_COMPILER_FLAGS=-mcpu=cortex-a9 -mfpu=vfpv3 -mfloat-abi=hard -nostartfiles -g -Wall -Wextra -O0 -g3 -DDEBUG"
"Compiling xadcps"
'Finished building libraries'
09:33:23 **** Auto Build of configuration Debug for project Lab2 ****
make pre-build main-build 
a9-linaro-pre-build-step
' '
'Building file: ../src/helloworld.c'
'Invoking: ARM v7 gcc compiler'
arm-none-eabi-gcc -Wall -O0 -g3 -c -fmessage-length=0 -MT"src/helloworld.o" -mcpu=cortex-a9 -mfpu=vfpv3 -mfloat-abi=hard -I../../standalone_bsp_0/ps7_cortexa9_0/include -MMD -MP -MF"src/helloworld.d" -MT"src/helloworld.o" -o "src/helloworld.o" "../src/helloworld.c"
'Finished building: ../src/helloworld.c'
' '
'Building file: ../src/platform.c'
'Invoking: ARM v7 gcc compiler'
arm-none-eabi-gcc -Wall -O0 -g3 -c -fmessage-length=0 -MT"src/platform.o" -mcpu=cortex-a9 -mfpu=vfpv3 -mfloat-abi=hard -I../../standalone_bsp_0/ps7_cortexa9_0/include -MMD -MP -MF"src/platform.d" -MT"src/platform.o" -o "src/platform.o" "../src/platform.c"
'Finished building: ../src/platform.c'
' '
'Building target: Lab2.elf'
'Invoking: ARM v7 gcc linker'
arm-none-eabi-gcc -mcpu=cortex-a9 -mfpu=vfpv3 -mfloat-abi=hard -Wl,-build-id=none -specs=Xilinx.spec -Wl,-T -Wl,../src/lscript.ld -L../../standalone_bsp_0/ps7_cortexa9_0/lib -o "Lab2.elf"  ./src/helloworld.o ./src/platform.o   -Wl,--start-group,-lxil,-lgcc,-lc,--end-group
'Finished building target: Lab2.elf'
' '
'Invoking: ARM v7 Print Size'
arm-none-eabi-size Lab2.elf  |tee "Lab2.elf.size"
   text	   data	    bss	    dec	    hex	filename
  72764	   2584	  23328	  98676	  18174	Lab2.elf
'Finished building: Lab2.elf.size'
' '
09:35:56 **** Incremental Build of configuration Debug for project Lab2 ****
make pre-build main-build 
a9-linaro-pre-build-step
' '
make: Rien à faire pour « main-build ».
09:36:52 **** Incremental Build of configuration Debug for project Lab2 ****
make pre-build main-build 
a9-linaro-pre-build-step
' '
make: Rien à faire pour « main-build ».
09:39:03 **** Auto Build of configuration Debug for project Lab2 ****
make pre-build main-build 
a9-linaro-pre-build-step
' '
'Building file: ../src/ucos/CortexA-MPCore_GIC_a.S'
'Invoking: ARM v7 gcc compiler'
arm-none-eabi-gcc -Wall -O0 -g3 -c -fmessage-length=0 -MT"src/ucos/CortexA-MPCore_GIC_a.o" -mcpu=cortex-a9 -mfpu=vfpv3 -mfloat-abi=hard -I../../standalone_bsp_0/ps7_cortexa9_0/include -MMD -MP -MF"src/ucos/CortexA-MPCore_GIC_a.d" -MT"src/ucos/CortexA-MPCore_GIC_a.o" -o "src/ucos/CortexA-MPCore_GIC_a.o" "../src/ucos/CortexA-MPCore_GIC_a.S"
'Finished building: ../src/ucos/CortexA-MPCore_GIC_a.S'
' '
'Building file: ../src/ucos/CortexA-MPCore_GIC_c.c'
'Invoking: ARM v7 gcc compiler'
arm-none-eabi-gcc -Wall -O0 -g3 -c -fmessage-length=0 -MT"src/ucos/CortexA-MPCore_GIC_c.o" -mcpu=cortex-a9 -mfpu=vfpv3 -mfloat-abi=hard -I../../standalone_bsp_0/ps7_cortexa9_0/include -MMD -MP -MF"src/ucos/CortexA-MPCore_GIC_c.d" -MT"src/ucos/CortexA-MPCore_GIC_c.o" -o "src/ucos/CortexA-MPCore_GIC_c.o" "../src/ucos/CortexA-MPCore_GIC_c.c"
'Finished building: ../src/ucos/CortexA-MPCore_GIC_c.c'
' '
'Building file: ../src/ucos/CortexA-MPCore_PrivateTimer.c'
'Invoking: ARM v7 gcc compiler'
arm-none-eabi-gcc -Wall -O0 -g3 -c -fmessage-length=0 -MT"src/ucos/CortexA-MPCore_PrivateTimer.o" -mcpu=cortex-a9 -mfpu=vfpv3 -mfloat-abi=hard -I../../standalone_bsp_0/ps7_cortexa9_0/include -MMD -MP -MF"src/ucos/CortexA-MPCore_PrivateTimer.d" -MT"src/ucos/CortexA-MPCore_PrivateTimer.o" -o "src/ucos/CortexA-MPCore_PrivateTimer.o" "../src/ucos/CortexA-MPCore_PrivateTimer.c"
'Finished building: ../src/ucos/CortexA-MPCore_PrivateTimer.c'
' '
'Building file: ../src/ucos/CortexA-MPCore_SCU.S'
'Invoking: ARM v7 gcc compiler'
arm-none-eabi-gcc -Wall -O0 -g3 -c -fmessage-length=0 -MT"src/ucos/CortexA-MPCore_SCU.o" -mcpu=cortex-a9 -mfpu=vfpv3 -mfloat-abi=hard -I../../standalone_bsp_0/ps7_cortexa9_0/include -MMD -MP -MF"src/ucos/CortexA-MPCore_SCU.d" -MT"src/ucos/CortexA-MPCore_SCU.o" -o "src/ucos/CortexA-MPCore_SCU.o" "../src/ucos/CortexA-MPCore_SCU.S"
'Finished building: ../src/ucos/CortexA-MPCore_SCU.S'
' '
'Building file: ../src/ucos/asm_vectors.S'
'Invoking: ARM v7 gcc compiler'
arm-none-eabi-gcc -Wall -O0 -g3 -c -fmessage-length=0 -MT"src/ucos/asm_vectors.o" -mcpu=cortex-a9 -mfpu=vfpv3 -mfloat-abi=hard -I../../standalone_bsp_0/ps7_cortexa9_0/include -MMD -MP -MF"src/ucos/asm_vectors.d" -MT"src/ucos/asm_vectors.o" -o "src/ucos/asm_vectors.o" "../src/ucos/asm_vectors.S"
'Finished building: ../src/ucos/asm_vectors.S'
' '
'Building file: ../src/ucos/os_core.c'
'Invoking: ARM v7 gcc compiler'
arm-none-eabi-gcc -Wall -O0 -g3 -c -fmessage-length=0 -MT"src/ucos/os_core.o" -mcpu=cortex-a9 -mfpu=vfpv3 -mfloat-abi=hard -I../../standalone_bsp_0/ps7_cortexa9_0/include -MMD -MP -MF"src/ucos/os_core.d" -MT"src/ucos/os_core.o" -o "src/ucos/os_core.o" "../src/ucos/os_core.c"
../src/ucos/os_core.c:26:10: fatal error: ucos_ii.h: No such file or directory
 #include <ucos_ii.h>
          ^~~~~~~~~~~
compilation terminated.
make: *** [src/ucos/os_core.o] Erreur 1
09:39:10 **** Clean-only build of configuration Debug for project Lab2 ****
make clean 
rm -rf  ./src/ucos/CortexA-MPCore_GIC_a.o ./src/ucos/CortexA-MPCore_GIC_c.o ./src/ucos/CortexA-MPCore_PrivateTimer.o ./src/ucos/CortexA-MPCore_SCU.o ./src/ucos/asm_vectors.o ./src/ucos/os_core.o ./src/ucos/os_cpu_a.o ./src/ucos/os_cpu_c.o ./src/ucos/os_cpu_fpu_a.o ./src/ucos/os_dbg.o ./src/ucos/os_flag.o ./src/ucos/os_mbox.o ./src/ucos/os_mem.o ./src/ucos/os_mutex.o ./src/ucos/os_q.o ./src/ucos/os_sem.o ./src/ucos/os_task.o ./src/ucos/os_time.o ./src/ucos/os_tmr.o  ./src/bsp_init.o ./src/helloworld.o ./src/platform.o ./src/simAvion.o  ./src/ucos/CortexA-MPCore_GIC_a.d ./src/ucos/CortexA-MPCore_SCU.d ./src/ucos/asm_vectors.d ./src/ucos/os_cpu_a.d  ./src/ucos/CortexA-MPCore_GIC_c.d ./src/ucos/CortexA-MPCore_PrivateTimer.d ./src/ucos/os_core.d ./src/ucos/os_cpu_c.d ./src/ucos/os_dbg.d ./src/ucos/os_flag.d ./src/ucos/os_mbox.d ./src/ucos/os_mem.d ./src/ucos/os_mutex.d ./src/ucos/os_q.d ./src/ucos/os_sem.d ./src/ucos/os_task.d ./src/ucos/os_time.d ./src/ucos/os_tmr.d  ./src/bsp_init.d ./src/helloworld.d ./src/platform.d ./src/simAvion.d  Lab2.elf.size  Lab2.elf
' '
09:39:10 **** Auto Build of configuration Debug for project Lab2 ****
make pre-build main-build 
a9-linaro-pre-build-step
' '
'Building file: ../src/ucos/CortexA-MPCore_GIC_a.S'
'Invoking: ARM v7 gcc compiler'
arm-none-eabi-gcc -Wall -O0 -g3 -c -fmessage-length=0 -MT"src/ucos/CortexA-MPCore_GIC_a.o" -mcpu=cortex-a9 -mfpu=vfpv3 -mfloat-abi=hard -I../../standalone_bsp_0/ps7_cortexa9_0/include -MMD -MP -MF"src/ucos/CortexA-MPCore_GIC_a.d" -MT"src/ucos/CortexA-MPCore_GIC_a.o" -o "src/ucos/CortexA-MPCore_GIC_a.o" "../src/ucos/CortexA-MPCore_GIC_a.S"
'Finished building: ../src/ucos/CortexA-MPCore_GIC_a.S'
' '
'Building file: ../src/ucos/CortexA-MPCore_GIC_c.c'
'Invoking: ARM v7 gcc compiler'
arm-none-eabi-gcc -Wall -O0 -g3 -c -fmessage-length=0 -MT"src/ucos/CortexA-MPCore_GIC_c.o" -mcpu=cortex-a9 -mfpu=vfpv3 -mfloat-abi=hard -I../../standalone_bsp_0/ps7_cortexa9_0/include -MMD -MP -MF"src/ucos/CortexA-MPCore_GIC_c.d" -MT"src/ucos/CortexA-MPCore_GIC_c.o" -o "src/ucos/CortexA-MPCore_GIC_c.o" "../src/ucos/CortexA-MPCore_GIC_c.c"
'Finished building: ../src/ucos/CortexA-MPCore_GIC_c.c'
' '
'Building file: ../src/ucos/CortexA-MPCore_PrivateTimer.c'
'Invoking: ARM v7 gcc compiler'
arm-none-eabi-gcc -Wall -O0 -g3 -c -fmessage-length=0 -MT"src/ucos/CortexA-MPCore_PrivateTimer.o" -mcpu=cortex-a9 -mfpu=vfpv3 -mfloat-abi=hard -I../../standalone_bsp_0/ps7_cortexa9_0/include -MMD -MP -MF"src/ucos/CortexA-MPCore_PrivateTimer.d" -MT"src/ucos/CortexA-MPCore_PrivateTimer.o" -o "src/ucos/CortexA-MPCore_PrivateTimer.o" "../src/ucos/CortexA-MPCore_PrivateTimer.c"
'Finished building: ../src/ucos/CortexA-MPCore_PrivateTimer.c'
' '
'Building file: ../src/ucos/CortexA-MPCore_SCU.S'
'Invoking: ARM v7 gcc compiler'
arm-none-eabi-gcc -Wall -O0 -g3 -c -fmessage-length=0 -MT"src/ucos/CortexA-MPCore_SCU.o" -mcpu=cortex-a9 -mfpu=vfpv3 -mfloat-abi=hard -I../../standalone_bsp_0/ps7_cortexa9_0/include -MMD -MP -MF"src/ucos/CortexA-MPCore_SCU.d" -MT"src/ucos/CortexA-MPCore_SCU.o" -o "src/ucos/CortexA-MPCore_SCU.o" "../src/ucos/CortexA-MPCore_SCU.S"
'Finished building: ../src/ucos/CortexA-MPCore_SCU.S'
' '
'Building file: ../src/ucos/asm_vectors.S'
'Invoking: ARM v7 gcc compiler'
arm-none-eabi-gcc -Wall -O0 -g3 -c -fmessage-length=0 -MT"src/ucos/asm_vectors.o" -mcpu=cortex-a9 -mfpu=vfpv3 -mfloat-abi=hard -I../../standalone_bsp_0/ps7_cortexa9_0/include -MMD -MP -MF"src/ucos/asm_vectors.d" -MT"src/ucos/asm_vectors.o" -o "src/ucos/asm_vectors.o" "../src/ucos/asm_vectors.S"
'Finished building: ../src/ucos/asm_vectors.S'
' '
'Building file: ../src/ucos/os_core.c'
'Invoking: ARM v7 gcc compiler'
arm-none-eabi-gcc -Wall -O0 -g3 -c -fmessage-length=0 -MT"src/ucos/os_core.o" -mcpu=cortex-a9 -mfpu=vfpv3 -mfloat-abi=hard -I../../standalone_bsp_0/ps7_cortexa9_0/include -MMD -MP -MF"src/ucos/os_core.d" -MT"src/ucos/os_core.o" -o "src/ucos/os_core.o" "../src/ucos/os_core.c"
../src/ucos/os_core.c:26:10: fatal error: ucos_ii.h: No such file or directory
 #include <ucos_ii.h>
          ^~~~~~~~~~~
compilation terminated.
make: *** [src/ucos/os_core.o] Erreur 1
09:40:57 **** Clean-only build of configuration Debug for project Lab2 ****
make clean 
rm -rf  ./src/ucos/CortexA-MPCore_GIC_a.o ./src/ucos/CortexA-MPCore_GIC_c.o ./src/ucos/CortexA-MPCore_PrivateTimer.o ./src/ucos/CortexA-MPCore_SCU.o ./src/ucos/asm_vectors.o ./src/ucos/os_core.o ./src/ucos/os_cpu_a.o ./src/ucos/os_cpu_c.o ./src/ucos/os_cpu_fpu_a.o ./src/ucos/os_dbg.o ./src/ucos/os_flag.o ./src/ucos/os_mbox.o ./src/ucos/os_mem.o ./src/ucos/os_mutex.o ./src/ucos/os_q.o ./src/ucos/os_sem.o ./src/ucos/os_task.o ./src/ucos/os_time.o ./src/ucos/os_tmr.o  ./src/bsp_init.o ./src/platform.o ./src/simAvion.o  ./src/ucos/CortexA-MPCore_GIC_a.d ./src/ucos/CortexA-MPCore_SCU.d ./src/ucos/asm_vectors.d ./src/ucos/os_cpu_a.d  ./src/ucos/CortexA-MPCore_GIC_c.d ./src/ucos/CortexA-MPCore_PrivateTimer.d ./src/ucos/os_core.d ./src/ucos/os_cpu_c.d ./src/ucos/os_dbg.d ./src/ucos/os_flag.d ./src/ucos/os_mbox.d ./src/ucos/os_mem.d ./src/ucos/os_mutex.d ./src/ucos/os_q.d ./src/ucos/os_sem.d ./src/ucos/os_task.d ./src/ucos/os_time.d ./src/ucos/os_tmr.d  ./src/bsp_init.d ./src/platform.d ./src/simAvion.d  Lab2.elf.size  Lab2.elf
' '
09:40:57 **** Auto Build of configuration Debug for project Lab2 ****
make pre-build main-build 
a9-linaro-pre-build-step
' '
'Building file: ../src/ucos/CortexA-MPCore_GIC_a.S'
'Invoking: ARM v7 gcc compiler'
arm-none-eabi-gcc -Wall -O0 -g3 -I../src/ucos -c -fmessage-length=0 -MT"src/ucos/CortexA-MPCore_GIC_a.o" -mcpu=cortex-a9 -mfpu=vfpv3 -mfloat-abi=hard -I../../standalone_bsp_0/ps7_cortexa9_0/include -MMD -MP -MF"src/ucos/CortexA-MPCore_GIC_a.d" -MT"src/ucos/CortexA-MPCore_GIC_a.o" -o "src/ucos/CortexA-MPCore_GIC_a.o" "../src/ucos/CortexA-MPCore_GIC_a.S"
'Finished building: ../src/ucos/CortexA-MPCore_GIC_a.S'
' '
'Building file: ../src/ucos/CortexA-MPCore_GIC_c.c'
'Invoking: ARM v7 gcc compiler'
arm-none-eabi-gcc -Wall -O0 -g3 -I../src/ucos -c -fmessage-length=0 -MT"src/ucos/CortexA-MPCore_GIC_c.o" -mcpu=cortex-a9 -mfpu=vfpv3 -mfloat-abi=hard -I../../standalone_bsp_0/ps7_cortexa9_0/include -MMD -MP -MF"src/ucos/CortexA-MPCore_GIC_c.d" -MT"src/ucos/CortexA-MPCore_GIC_c.o" -o "src/ucos/CortexA-MPCore_GIC_c.o" "../src/ucos/CortexA-MPCore_GIC_c.c"
'Finished building: ../src/ucos/CortexA-MPCore_GIC_c.c'
' '
'Building file: ../src/ucos/CortexA-MPCore_PrivateTimer.c'
'Invoking: ARM v7 gcc compiler'
arm-none-eabi-gcc -Wall -O0 -g3 -I../src/ucos -c -fmessage-length=0 -MT"src/ucos/CortexA-MPCore_PrivateTimer.o" -mcpu=cortex-a9 -mfpu=vfpv3 -mfloat-abi=hard -I../../standalone_bsp_0/ps7_cortexa9_0/include -MMD -MP -MF"src/ucos/CortexA-MPCore_PrivateTimer.d" -MT"src/ucos/CortexA-MPCore_PrivateTimer.o" -o "src/ucos/CortexA-MPCore_PrivateTimer.o" "../src/ucos/CortexA-MPCore_PrivateTimer.c"
'Finished building: ../src/ucos/CortexA-MPCore_PrivateTimer.c'
' '
'Building file: ../src/ucos/CortexA-MPCore_SCU.S'
'Invoking: ARM v7 gcc compiler'
arm-none-eabi-gcc -Wall -O0 -g3 -I../src/ucos -c -fmessage-length=0 -MT"src/ucos/CortexA-MPCore_SCU.o" -mcpu=cortex-a9 -mfpu=vfpv3 -mfloat-abi=hard -I../../standalone_bsp_0/ps7_cortexa9_0/include -MMD -MP -MF"src/ucos/CortexA-MPCore_SCU.d" -MT"src/ucos/CortexA-MPCore_SCU.o" -o "src/ucos/CortexA-MPCore_SCU.o" "../src/ucos/CortexA-MPCore_SCU.S"
'Finished building: ../src/ucos/CortexA-MPCore_SCU.S'
' '
'Building file: ../src/ucos/asm_vectors.S'
'Invoking: ARM v7 gcc compiler'
arm-none-eabi-gcc -Wall -O0 -g3 -I../src/ucos -c -fmessage-length=0 -MT"src/ucos/asm_vectors.o" -mcpu=cortex-a9 -mfpu=vfpv3 -mfloat-abi=hard -I../../standalone_bsp_0/ps7_cortexa9_0/include -MMD -MP -MF"src/ucos/asm_vectors.d" -MT"src/ucos/asm_vectors.o" -o "src/ucos/asm_vectors.o" "../src/ucos/asm_vectors.S"
'Finished building: ../src/ucos/asm_vectors.S'
' '
'Building file: ../src/ucos/os_core.c'
'Invoking: ARM v7 gcc compiler'
arm-none-eabi-gcc -Wall -O0 -g3 -I../src/ucos -c -fmessage-length=0 -MT"src/ucos/os_core.o" -mcpu=cortex-a9 -mfpu=vfpv3 -mfloat-abi=hard -I../../standalone_bsp_0/ps7_cortexa9_0/include -MMD -MP -MF"src/ucos/os_core.d" -MT"src/ucos/os_core.o" -o "src/ucos/os_core.o" "../src/ucos/os_core.c"
'Finished building: ../src/ucos/os_core.c'
' '
'Building file: ../src/ucos/os_cpu_a.S'
'Invoking: ARM v7 gcc compiler'
arm-none-eabi-gcc -Wall -O0 -g3 -I../src/ucos -c -fmessage-length=0 -MT"src/ucos/os_cpu_a.o" -mcpu=cortex-a9 -mfpu=vfpv3 -mfloat-abi=hard -I../../standalone_bsp_0/ps7_cortexa9_0/include -MMD -MP -MF"src/ucos/os_cpu_a.d" -MT"src/ucos/os_cpu_a.o" -o "src/ucos/os_cpu_a.o" "../src/ucos/os_cpu_a.S"
'Finished building: ../src/ucos/os_cpu_a.S'
' '
'Building file: ../src/ucos/os_cpu_c.c'
'Invoking: ARM v7 gcc compiler'
arm-none-eabi-gcc -Wall -O0 -g3 -I../src/ucos -c -fmessage-length=0 -MT"src/ucos/os_cpu_c.o" -mcpu=cortex-a9 -mfpu=vfpv3 -mfloat-abi=hard -I../../standalone_bsp_0/ps7_cortexa9_0/include -MMD -MP -MF"src/ucos/os_cpu_c.d" -MT"src/ucos/os_cpu_c.o" -o "src/ucos/os_cpu_c.o" "../src/ucos/os_cpu_c.c"
'Finished building: ../src/ucos/os_cpu_c.c'
' '
'Building file: ../src/ucos/os_cpu_fpu_a.S'
'Invoking: ARM v7 gcc compiler'
arm-none-eabi-gcc -Wall -O0 -g3 -I../src/ucos -c -fmessage-length=0 -MT"src/ucos/os_cpu_fpu_a.o" -mcpu=cortex-a9 -mfpu=vfpv3 -mfloat-abi=hard -I../../standalone_bsp_0/ps7_cortexa9_0/include -MMD -MP -MF"src/ucos/os_cpu_fpu_a.d" -MT"src/ucos/os_cpu_fpu_a.o" -o "src/ucos/os_cpu_fpu_a.o" "../src/ucos/os_cpu_fpu_a.S"
'Finished building: ../src/ucos/os_cpu_fpu_a.S'
' '
'Building file: ../src/ucos/os_dbg.c'
'Invoking: ARM v7 gcc compiler'
arm-none-eabi-gcc -Wall -O0 -g3 -I../src/ucos -c -fmessage-length=0 -MT"src/ucos/os_dbg.o" -mcpu=cortex-a9 -mfpu=vfpv3 -mfloat-abi=hard -I../../standalone_bsp_0/ps7_cortexa9_0/include -MMD -MP -MF"src/ucos/os_dbg.d" -MT"src/ucos/os_dbg.o" -o "src/ucos/os_dbg.o" "../src/ucos/os_dbg.c"
'Finished building: ../src/ucos/os_dbg.c'
' '
'Building file: ../src/ucos/os_flag.c'
'Invoking: ARM v7 gcc compiler'
arm-none-eabi-gcc -Wall -O0 -g3 -I../src/ucos -c -fmessage-length=0 -MT"src/ucos/os_flag.o" -mcpu=cortex-a9 -mfpu=vfpv3 -mfloat-abi=hard -I../../standalone_bsp_0/ps7_cortexa9_0/include -MMD -MP -MF"src/ucos/os_flag.d" -MT"src/ucos/os_flag.o" -o "src/ucos/os_flag.o" "../src/ucos/os_flag.c"
'Finished building: ../src/ucos/os_flag.c'
' '
'Building file: ../src/ucos/os_mbox.c'
'Invoking: ARM v7 gcc compiler'
arm-none-eabi-gcc -Wall -O0 -g3 -I../src/ucos -c -fmessage-length=0 -MT"src/ucos/os_mbox.o" -mcpu=cortex-a9 -mfpu=vfpv3 -mfloat-abi=hard -I../../standalone_bsp_0/ps7_cortexa9_0/include -MMD -MP -MF"src/ucos/os_mbox.d" -MT"src/ucos/os_mbox.o" -o "src/ucos/os_mbox.o" "../src/ucos/os_mbox.c"
'Finished building: ../src/ucos/os_mbox.c'
' '
'Building file: ../src/ucos/os_mem.c'
'Invoking: ARM v7 gcc compiler'
arm-none-eabi-gcc -Wall -O0 -g3 -I../src/ucos -c -fmessage-length=0 -MT"src/ucos/os_mem.o" -mcpu=cortex-a9 -mfpu=vfpv3 -mfloat-abi=hard -I../../standalone_bsp_0/ps7_cortexa9_0/include -MMD -MP -MF"src/ucos/os_mem.d" -MT"src/ucos/os_mem.o" -o "src/ucos/os_mem.o" "../src/ucos/os_mem.c"
'Finished building: ../src/ucos/os_mem.c'
' '
'Building file: ../src/ucos/os_mutex.c'
'Invoking: ARM v7 gcc compiler'
arm-none-eabi-gcc -Wall -O0 -g3 -I../src/ucos -c -fmessage-length=0 -MT"src/ucos/os_mutex.o" -mcpu=cortex-a9 -mfpu=vfpv3 -mfloat-abi=hard -I../../standalone_bsp_0/ps7_cortexa9_0/include -MMD -MP -MF"src/ucos/os_mutex.d" -MT"src/ucos/os_mutex.o" -o "src/ucos/os_mutex.o" "../src/ucos/os_mutex.c"
'Finished building: ../src/ucos/os_mutex.c'
' '
'Building file: ../src/ucos/os_q.c'
'Invoking: ARM v7 gcc compiler'
arm-none-eabi-gcc -Wall -O0 -g3 -I../src/ucos -c -fmessage-length=0 -MT"src/ucos/os_q.o" -mcpu=cortex-a9 -mfpu=vfpv3 -mfloat-abi=hard -I../../standalone_bsp_0/ps7_cortexa9_0/include -MMD -MP -MF"src/ucos/os_q.d" -MT"src/ucos/os_q.o" -o "src/ucos/os_q.o" "../src/ucos/os_q.c"
'Finished building: ../src/ucos/os_q.c'
' '
'Building file: ../src/ucos/os_sem.c'
'Invoking: ARM v7 gcc compiler'
arm-none-eabi-gcc -Wall -O0 -g3 -I../src/ucos -c -fmessage-length=0 -MT"src/ucos/os_sem.o" -mcpu=cortex-a9 -mfpu=vfpv3 -mfloat-abi=hard -I../../standalone_bsp_0/ps7_cortexa9_0/include -MMD -MP -MF"src/ucos/os_sem.d" -MT"src/ucos/os_sem.o" -o "src/ucos/os_sem.o" "../src/ucos/os_sem.c"
'Finished building: ../src/ucos/os_sem.c'
' '
'Building file: ../src/ucos/os_task.c'
'Invoking: ARM v7 gcc compiler'
arm-none-eabi-gcc -Wall -O0 -g3 -I../src/ucos -c -fmessage-length=0 -MT"src/ucos/os_task.o" -mcpu=cortex-a9 -mfpu=vfpv3 -mfloat-abi=hard -I../../standalone_bsp_0/ps7_cortexa9_0/include -MMD -MP -MF"src/ucos/os_task.d" -MT"src/ucos/os_task.o" -o "src/ucos/os_task.o" "../src/ucos/os_task.c"
'Finished building: ../src/ucos/os_task.c'
' '
'Building file: ../src/ucos/os_time.c'
'Invoking: ARM v7 gcc compiler'
arm-none-eabi-gcc -Wall -O0 -g3 -I../src/ucos -c -fmessage-length=0 -MT"src/ucos/os_time.o" -mcpu=cortex-a9 -mfpu=vfpv3 -mfloat-abi=hard -I../../standalone_bsp_0/ps7_cortexa9_0/include -MMD -MP -MF"src/ucos/os_time.d" -MT"src/ucos/os_time.o" -o "src/ucos/os_time.o" "../src/ucos/os_time.c"
'Finished building: ../src/ucos/os_time.c'
' '
'Building file: ../src/ucos/os_tmr.c'
'Invoking: ARM v7 gcc compiler'
arm-none-eabi-gcc -Wall -O0 -g3 -I../src/ucos -c -fmessage-length=0 -MT"src/ucos/os_tmr.o" -mcpu=cortex-a9 -mfpu=vfpv3 -mfloat-abi=hard -I../../standalone_bsp_0/ps7_cortexa9_0/include -MMD -MP -MF"src/ucos/os_tmr.d" -MT"src/ucos/os_tmr.o" -o "src/ucos/os_tmr.o" "../src/ucos/os_tmr.c"
'Finished building: ../src/ucos/os_tmr.c'
' '
'Building file: ../src/bsp_init.c'
'Invoking: ARM v7 gcc compiler'
arm-none-eabi-gcc -Wall -O0 -g3 -I../src/ucos -c -fmessage-length=0 -MT"src/bsp_init.o" -mcpu=cortex-a9 -mfpu=vfpv3 -mfloat-abi=hard -I../../standalone_bsp_0/ps7_cortexa9_0/include -MMD -MP -MF"src/bsp_init.d" -MT"src/bsp_init.o" -o "src/bsp_init.o" "../src/bsp_init.c"
'Finished building: ../src/bsp_init.c'
' '
'Building file: ../src/platform.c'
'Invoking: ARM v7 gcc compiler'
arm-none-eabi-gcc -Wall -O0 -g3 -I../src/ucos -c -fmessage-length=0 -MT"src/platform.o" -mcpu=cortex-a9 -mfpu=vfpv3 -mfloat-abi=hard -I../../standalone_bsp_0/ps7_cortexa9_0/include -MMD -MP -MF"src/platform.d" -MT"src/platform.o" -o "src/platform.o" "../src/platform.c"
'Finished building: ../src/platform.c'
' '
'Building file: ../src/simAvion.c'
'Invoking: ARM v7 gcc compiler'
arm-none-eabi-gcc -Wall -O0 -g3 -I../src/ucos -c -fmessage-length=0 -MT"src/simAvion.o" -mcpu=cortex-a9 -mfpu=vfpv3 -mfloat-abi=hard -I../../standalone_bsp_0/ps7_cortexa9_0/include -MMD -MP -MF"src/simAvion.d" -MT"src/simAvion.o" -o "src/simAvion.o" "../src/simAvion.c"
../src/simAvion.c: In function 'create_tasks':
../src/simAvion.c:102:10: warning: unused variable 'err' [-Wunused-variable]
  uint8_t err;
          ^~~
../src/simAvion.c:100:16: warning: unused variable 'verificationStk' [-Wunused-variable]
  static OS_STK verificationStk[TASK_STK_SIZE];
                ^~~~~~~~~~~~~~~
../src/simAvion.c:99:16: warning: unused variable 'statistiquesStk' [-Wunused-variable]
  static OS_STK statistiquesStk[TASK_STK_SIZE];
                ^~~~~~~~~~~~~~~
../src/simAvion.c:98:16: warning: unused variable 'decollageStk' [-Wunused-variable]
  static OS_STK decollageStk[TASK_STK_SIZE];
                ^~~~~~~~~~~~
../src/simAvion.c:97:16: warning: unused variable 'terminal1Stk' [-Wunused-variable]
  static OS_STK terminal1Stk[TASK_STK_SIZE];
                ^~~~~~~~~~~~
../src/simAvion.c:96:16: warning: unused variable 'terminal0Stk' [-Wunused-variable]
  static OS_STK terminal0Stk[TASK_STK_SIZE];
                ^~~~~~~~~~~~
../src/simAvion.c:95:16: warning: unused variable 'atterrissage0Stk' [-Wunused-variable]
  static OS_STK atterrissage0Stk[TASK_STK_SIZE];
                ^~~~~~~~~~~~~~~~
../src/simAvion.c:94:16: warning: unused variable 'generationStk' [-Wunused-variable]
  static OS_STK generationStk[TASK_STK_SIZE]; //Stack of each task
                ^~~~~~~~~~~~~
../src/simAvion.c: In function 'create_events':
../src/simAvion.c:110:10: warning: unused variable 'err' [-Wunused-variable]
  uint8_t err;
          ^~~
../src/simAvion.c: In function 'generation':
../src/simAvion.c:122:10: warning: unused variable 'err' [-Wunused-variable]
  uint8_t err;
          ^~~
../src/simAvion.c: In function 'atterrissage':
../src/simAvion.c:149:9: warning: unused variable 'avion' [-Wunused-variable]
  Avion* avion = NULL;
         ^~~~~
../src/simAvion.c:148:10: warning: unused variable 'err' [-Wunused-variable]
  uint8_t err;
          ^~~
../src/simAvion.c: In function 'terminal':
../src/simAvion.c:167:10: warning: unused variable 'err' [-Wunused-variable]
  uint8_t err;
          ^~~
../src/simAvion.c: In function 'decollage':
../src/simAvion.c:192:9: warning: unused variable 'avion' [-Wunused-variable]
  Avion* avion = NULL;
         ^~~~~
../src/simAvion.c:191:10: warning: unused variable 'err' [-Wunused-variable]
  uint8_t err;
          ^~~
../src/simAvion.c: In function 'statistiques':
../src/simAvion.c:207:10: warning: unused variable 'err' [-Wunused-variable]
  uint8_t err;
          ^~~
../src/simAvion.c: In function 'verification':
../src/simAvion.c:233:10: warning: unused variable 'err' [-Wunused-variable]
  uint8_t err;
          ^~~
At top level:
../src/simAvion.c:94:16: warning: 'generationStk' defined but not used [-Wunused-variable]
  static OS_STK generationStk[TASK_STK_SIZE]; //Stack of each task
                ^~~~~~~~~~~~~
../src/simAvion.c:95:16: warning: 'atterrissage0Stk' defined but not used [-Wunused-variable]
  static OS_STK atterrissage0Stk[TASK_STK_SIZE];
                ^~~~~~~~~~~~~~~~
../src/simAvion.c:96:16: warning: 'terminal0Stk' defined but not used [-Wunused-variable]
  static OS_STK terminal0Stk[TASK_STK_SIZE];
                ^~~~~~~~~~~~
../src/simAvion.c:97:16: warning: 'terminal1Stk' defined but not used [-Wunused-variable]
  static OS_STK terminal1Stk[TASK_STK_SIZE];
                ^~~~~~~~~~~~
../src/simAvion.c:98:16: warning: 'decollageStk' defined but not used [-Wunused-variable]
  static OS_STK decollageStk[TASK_STK_SIZE];
                ^~~~~~~~~~~~
../src/simAvion.c:99:16: warning: 'statistiquesStk' defined but not used [-Wunused-variable]
  static OS_STK statistiquesStk[TASK_STK_SIZE];
                ^~~~~~~~~~~~~~~
../src/simAvion.c:100:16: warning: 'verificationStk' defined but not used [-Wunused-variable]
  static OS_STK verificationStk[TASK_STK_SIZE];
                ^~~~~~~~~~~~~~~
'Finished building: ../src/simAvion.c'
' '
'Building target: Lab2.elf'
'Invoking: ARM v7 gcc linker'
arm-none-eabi-gcc -mcpu=cortex-a9 -mfpu=vfpv3 -mfloat-abi=hard -Wl,-build-id=none -specs=Xilinx.spec -Wl,-T -Wl,../src/lscript.ld -L../../standalone_bsp_0/ps7_cortexa9_0/lib -o "Lab2.elf"  ./src/ucos/CortexA-MPCore_GIC_a.o ./src/ucos/CortexA-MPCore_GIC_c.o ./src/ucos/CortexA-MPCore_PrivateTimer.o ./src/ucos/CortexA-MPCore_SCU.o ./src/ucos/asm_vectors.o ./src/ucos/os_core.o ./src/ucos/os_cpu_a.o ./src/ucos/os_cpu_c.o ./src/ucos/os_cpu_fpu_a.o ./src/ucos/os_dbg.o ./src/ucos/os_flag.o ./src/ucos/os_mbox.o ./src/ucos/os_mem.o ./src/ucos/os_mutex.o ./src/ucos/os_q.o ./src/ucos/os_sem.o ./src/ucos/os_task.o ./src/ucos/os_time.o ./src/ucos/os_tmr.o  ./src/bsp_init.o ./src/platform.o ./src/simAvion.o   -Wl,--start-group,-lxil,-lgcc,-lc,--end-group
'Finished building target: Lab2.elf'
' '
'Invoking: ARM v7 Print Size'
arm-none-eabi-size Lab2.elf  |tee "Lab2.elf.size"
   text	   data	    bss	    dec	    hex	filename
 134496	   4212	 487856	 626564	  98f84	Lab2.elf
'Finished building: Lab2.elf.size'
' '
09:41:11 **** Clean-only build of configuration Debug for project Lab2 ****
make clean 
rm -rf  ./src/ucos/CortexA-MPCore_GIC_a.o ./src/ucos/CortexA-MPCore_GIC_c.o ./src/ucos/CortexA-MPCore_PrivateTimer.o ./src/ucos/CortexA-MPCore_SCU.o ./src/ucos/asm_vectors.o ./src/ucos/os_core.o ./src/ucos/os_cpu_a.o ./src/ucos/os_cpu_c.o ./src/ucos/os_cpu_fpu_a.o ./src/ucos/os_dbg.o ./src/ucos/os_flag.o ./src/ucos/os_mbox.o ./src/ucos/os_mem.o ./src/ucos/os_mutex.o ./src/ucos/os_q.o ./src/ucos/os_sem.o ./src/ucos/os_task.o ./src/ucos/os_time.o ./src/ucos/os_tmr.o  ./src/bsp_init.o ./src/platform.o ./src/simAvion.o  ./src/ucos/CortexA-MPCore_GIC_a.d ./src/ucos/CortexA-MPCore_SCU.d ./src/ucos/asm_vectors.d ./src/ucos/os_cpu_a.d  ./src/ucos/CortexA-MPCore_GIC_c.d ./src/ucos/CortexA-MPCore_PrivateTimer.d ./src/ucos/os_core.d ./src/ucos/os_cpu_c.d ./src/ucos/os_dbg.d ./src/ucos/os_flag.d ./src/ucos/os_mbox.d ./src/ucos/os_mem.d ./src/ucos/os_mutex.d ./src/ucos/os_q.d ./src/ucos/os_sem.d ./src/ucos/os_task.d ./src/ucos/os_time.d ./src/ucos/os_tmr.d  ./src/bsp_init.d ./src/platform.d ./src/simAvion.d  Lab2.elf.size  Lab2.elf
' '
09:41:11 **** Auto Build of configuration Debug for project Lab2 ****
make pre-build main-build 
a9-linaro-pre-build-step
' '
'Building file: ../src/ucos/CortexA-MPCore_GIC_a.S'
'Invoking: ARM v7 gcc compiler'
arm-none-eabi-gcc -Wall -O0 -g3 -I../src/ucos -c -fmessage-length=0 -MT"src/ucos/CortexA-MPCore_GIC_a.o" -mcpu=cortex-a9 -mfpu=vfpv3 -mfloat-abi=hard -I../../standalone_bsp_0/ps7_cortexa9_0/include -MMD -MP -MF"src/ucos/CortexA-MPCore_GIC_a.d" -MT"src/ucos/CortexA-MPCore_GIC_a.o" -o "src/ucos/CortexA-MPCore_GIC_a.o" "../src/ucos/CortexA-MPCore_GIC_a.S"
'Finished building: ../src/ucos/CortexA-MPCore_GIC_a.S'
' '
'Building file: ../src/ucos/CortexA-MPCore_GIC_c.c'
'Invoking: ARM v7 gcc compiler'
arm-none-eabi-gcc -Wall -O0 -g3 -I../src/ucos -c -fmessage-length=0 -MT"src/ucos/CortexA-MPCore_GIC_c.o" -mcpu=cortex-a9 -mfpu=vfpv3 -mfloat-abi=hard -I../../standalone_bsp_0/ps7_cortexa9_0/include -MMD -MP -MF"src/ucos/CortexA-MPCore_GIC_c.d" -MT"src/ucos/CortexA-MPCore_GIC_c.o" -o "src/ucos/CortexA-MPCore_GIC_c.o" "../src/ucos/CortexA-MPCore_GIC_c.c"
'Finished building: ../src/ucos/CortexA-MPCore_GIC_c.c'
' '
'Building file: ../src/ucos/CortexA-MPCore_PrivateTimer.c'
'Invoking: ARM v7 gcc compiler'
arm-none-eabi-gcc -Wall -O0 -g3 -I../src/ucos -c -fmessage-length=0 -MT"src/ucos/CortexA-MPCore_PrivateTimer.o" -mcpu=cortex-a9 -mfpu=vfpv3 -mfloat-abi=hard -I../../standalone_bsp_0/ps7_cortexa9_0/include -MMD -MP -MF"src/ucos/CortexA-MPCore_PrivateTimer.d" -MT"src/ucos/CortexA-MPCore_PrivateTimer.o" -o "src/ucos/CortexA-MPCore_PrivateTimer.o" "../src/ucos/CortexA-MPCore_PrivateTimer.c"
'Finished building: ../src/ucos/CortexA-MPCore_PrivateTimer.c'
' '
'Building file: ../src/ucos/CortexA-MPCore_SCU.S'
'Invoking: ARM v7 gcc compiler'
arm-none-eabi-gcc -Wall -O0 -g3 -I../src/ucos -c -fmessage-length=0 -MT"src/ucos/CortexA-MPCore_SCU.o" -mcpu=cortex-a9 -mfpu=vfpv3 -mfloat-abi=hard -I../../standalone_bsp_0/ps7_cortexa9_0/include -MMD -MP -MF"src/ucos/CortexA-MPCore_SCU.d" -MT"src/ucos/CortexA-MPCore_SCU.o" -o "src/ucos/CortexA-MPCore_SCU.o" "../src/ucos/CortexA-MPCore_SCU.S"
'Finished building: ../src/ucos/CortexA-MPCore_SCU.S'
' '
'Building file: ../src/ucos/asm_vectors.S'
'Invoking: ARM v7 gcc compiler'
arm-none-eabi-gcc -Wall -O0 -g3 -I../src/ucos -c -fmessage-length=0 -MT"src/ucos/asm_vectors.o" -mcpu=cortex-a9 -mfpu=vfpv3 -mfloat-abi=hard -I../../standalone_bsp_0/ps7_cortexa9_0/include -MMD -MP -MF"src/ucos/asm_vectors.d" -MT"src/ucos/asm_vectors.o" -o "src/ucos/asm_vectors.o" "../src/ucos/asm_vectors.S"
'Finished building: ../src/ucos/asm_vectors.S'
' '
'Building file: ../src/ucos/os_core.c'
'Invoking: ARM v7 gcc compiler'
arm-none-eabi-gcc -Wall -O0 -g3 -I../src/ucos -c -fmessage-length=0 -MT"src/ucos/os_core.o" -mcpu=cortex-a9 -mfpu=vfpv3 -mfloat-abi=hard -I../../standalone_bsp_0/ps7_cortexa9_0/include -MMD -MP -MF"src/ucos/os_core.d" -MT"src/ucos/os_core.o" -o "src/ucos/os_core.o" "../src/ucos/os_core.c"
'Finished building: ../src/ucos/os_core.c'
' '
'Building file: ../src/ucos/os_cpu_a.S'
'Invoking: ARM v7 gcc compiler'
arm-none-eabi-gcc -Wall -O0 -g3 -I../src/ucos -c -fmessage-length=0 -MT"src/ucos/os_cpu_a.o" -mcpu=cortex-a9 -mfpu=vfpv3 -mfloat-abi=hard -I../../standalone_bsp_0/ps7_cortexa9_0/include -MMD -MP -MF"src/ucos/os_cpu_a.d" -MT"src/ucos/os_cpu_a.o" -o "src/ucos/os_cpu_a.o" "../src/ucos/os_cpu_a.S"
'Finished building: ../src/ucos/os_cpu_a.S'
' '
'Building file: ../src/ucos/os_cpu_c.c'
'Invoking: ARM v7 gcc compiler'
arm-none-eabi-gcc -Wall -O0 -g3 -I../src/ucos -c -fmessage-length=0 -MT"src/ucos/os_cpu_c.o" -mcpu=cortex-a9 -mfpu=vfpv3 -mfloat-abi=hard -I../../standalone_bsp_0/ps7_cortexa9_0/include -MMD -MP -MF"src/ucos/os_cpu_c.d" -MT"src/ucos/os_cpu_c.o" -o "src/ucos/os_cpu_c.o" "../src/ucos/os_cpu_c.c"
'Finished building: ../src/ucos/os_cpu_c.c'
' '
'Building file: ../src/ucos/os_cpu_fpu_a.S'
'Invoking: ARM v7 gcc compiler'
arm-none-eabi-gcc -Wall -O0 -g3 -I../src/ucos -c -fmessage-length=0 -MT"src/ucos/os_cpu_fpu_a.o" -mcpu=cortex-a9 -mfpu=vfpv3 -mfloat-abi=hard -I../../standalone_bsp_0/ps7_cortexa9_0/include -MMD -MP -MF"src/ucos/os_cpu_fpu_a.d" -MT"src/ucos/os_cpu_fpu_a.o" -o "src/ucos/os_cpu_fpu_a.o" "../src/ucos/os_cpu_fpu_a.S"
'Finished building: ../src/ucos/os_cpu_fpu_a.S'
' '
'Building file: ../src/ucos/os_dbg.c'
'Invoking: ARM v7 gcc compiler'
arm-none-eabi-gcc -Wall -O0 -g3 -I../src/ucos -c -fmessage-length=0 -MT"src/ucos/os_dbg.o" -mcpu=cortex-a9 -mfpu=vfpv3 -mfloat-abi=hard -I../../standalone_bsp_0/ps7_cortexa9_0/include -MMD -MP -MF"src/ucos/os_dbg.d" -MT"src/ucos/os_dbg.o" -o "src/ucos/os_dbg.o" "../src/ucos/os_dbg.c"
'Finished building: ../src/ucos/os_dbg.c'
' '
'Building file: ../src/ucos/os_flag.c'
'Invoking: ARM v7 gcc compiler'
arm-none-eabi-gcc -Wall -O0 -g3 -I../src/ucos -c -fmessage-length=0 -MT"src/ucos/os_flag.o" -mcpu=cortex-a9 -mfpu=vfpv3 -mfloat-abi=hard -I../../standalone_bsp_0/ps7_cortexa9_0/include -MMD -MP -MF"src/ucos/os_flag.d" -MT"src/ucos/os_flag.o" -o "src/ucos/os_flag.o" "../src/ucos/os_flag.c"
'Finished building: ../src/ucos/os_flag.c'
' '
'Building file: ../src/ucos/os_mbox.c'
'Invoking: ARM v7 gcc compiler'
arm-none-eabi-gcc -Wall -O0 -g3 -I../src/ucos -c -fmessage-length=0 -MT"src/ucos/os_mbox.o" -mcpu=cortex-a9 -mfpu=vfpv3 -mfloat-abi=hard -I../../standalone_bsp_0/ps7_cortexa9_0/include -MMD -MP -MF"src/ucos/os_mbox.d" -MT"src/ucos/os_mbox.o" -o "src/ucos/os_mbox.o" "../src/ucos/os_mbox.c"
'Finished building: ../src/ucos/os_mbox.c'
' '
'Building file: ../src/ucos/os_mem.c'
'Invoking: ARM v7 gcc compiler'
arm-none-eabi-gcc -Wall -O0 -g3 -I../src/ucos -c -fmessage-length=0 -MT"src/ucos/os_mem.o" -mcpu=cortex-a9 -mfpu=vfpv3 -mfloat-abi=hard -I../../standalone_bsp_0/ps7_cortexa9_0/include -MMD -MP -MF"src/ucos/os_mem.d" -MT"src/ucos/os_mem.o" -o "src/ucos/os_mem.o" "../src/ucos/os_mem.c"
'Finished building: ../src/ucos/os_mem.c'
' '
'Building file: ../src/ucos/os_mutex.c'
'Invoking: ARM v7 gcc compiler'
arm-none-eabi-gcc -Wall -O0 -g3 -I../src/ucos -c -fmessage-length=0 -MT"src/ucos/os_mutex.o" -mcpu=cortex-a9 -mfpu=vfpv3 -mfloat-abi=hard -I../../standalone_bsp_0/ps7_cortexa9_0/include -MMD -MP -MF"src/ucos/os_mutex.d" -MT"src/ucos/os_mutex.o" -o "src/ucos/os_mutex.o" "../src/ucos/os_mutex.c"
'Finished building: ../src/ucos/os_mutex.c'
' '
'Building file: ../src/ucos/os_q.c'
'Invoking: ARM v7 gcc compiler'
arm-none-eabi-gcc -Wall -O0 -g3 -I../src/ucos -c -fmessage-length=0 -MT"src/ucos/os_q.o" -mcpu=cortex-a9 -mfpu=vfpv3 -mfloat-abi=hard -I../../standalone_bsp_0/ps7_cortexa9_0/include -MMD -MP -MF"src/ucos/os_q.d" -MT"src/ucos/os_q.o" -o "src/ucos/os_q.o" "../src/ucos/os_q.c"
'Finished building: ../src/ucos/os_q.c'
' '
'Building file: ../src/ucos/os_sem.c'
'Invoking: ARM v7 gcc compiler'
arm-none-eabi-gcc -Wall -O0 -g3 -I../src/ucos -c -fmessage-length=0 -MT"src/ucos/os_sem.o" -mcpu=cortex-a9 -mfpu=vfpv3 -mfloat-abi=hard -I../../standalone_bsp_0/ps7_cortexa9_0/include -MMD -MP -MF"src/ucos/os_sem.d" -MT"src/ucos/os_sem.o" -o "src/ucos/os_sem.o" "../src/ucos/os_sem.c"
'Finished building: ../src/ucos/os_sem.c'
' '
'Building file: ../src/ucos/os_task.c'
'Invoking: ARM v7 gcc compiler'
arm-none-eabi-gcc -Wall -O0 -g3 -I../src/ucos -c -fmessage-length=0 -MT"src/ucos/os_task.o" -mcpu=cortex-a9 -mfpu=vfpv3 -mfloat-abi=hard -I../../standalone_bsp_0/ps7_cortexa9_0/include -MMD -MP -MF"src/ucos/os_task.d" -MT"src/ucos/os_task.o" -o "src/ucos/os_task.o" "../src/ucos/os_task.c"
'Finished building: ../src/ucos/os_task.c'
' '
'Building file: ../src/ucos/os_time.c'
'Invoking: ARM v7 gcc compiler'
arm-none-eabi-gcc -Wall -O0 -g3 -I../src/ucos -c -fmessage-length=0 -MT"src/ucos/os_time.o" -mcpu=cortex-a9 -mfpu=vfpv3 -mfloat-abi=hard -I../../standalone_bsp_0/ps7_cortexa9_0/include -MMD -MP -MF"src/ucos/os_time.d" -MT"src/ucos/os_time.o" -o "src/ucos/os_time.o" "../src/ucos/os_time.c"
'Finished building: ../src/ucos/os_time.c'
' '
'Building file: ../src/ucos/os_tmr.c'
'Invoking: ARM v7 gcc compiler'
arm-none-eabi-gcc -Wall -O0 -g3 -I../src/ucos -c -fmessage-length=0 -MT"src/ucos/os_tmr.o" -mcpu=cortex-a9 -mfpu=vfpv3 -mfloat-abi=hard -I../../standalone_bsp_0/ps7_cortexa9_0/include -MMD -MP -MF"src/ucos/os_tmr.d" -MT"src/ucos/os_tmr.o" -o "src/ucos/os_tmr.o" "../src/ucos/os_tmr.c"
'Finished building: ../src/ucos/os_tmr.c'
' '
'Building file: ../src/bsp_init.c'
'Invoking: ARM v7 gcc compiler'
arm-none-eabi-gcc -Wall -O0 -g3 -I../src/ucos -c -fmessage-length=0 -MT"src/bsp_init.o" -mcpu=cortex-a9 -mfpu=vfpv3 -mfloat-abi=hard -I../../standalone_bsp_0/ps7_cortexa9_0/include -MMD -MP -MF"src/bsp_init.d" -MT"src/bsp_init.o" -o "src/bsp_init.o" "../src/bsp_init.c"
'Finished building: ../src/bsp_init.c'
' '
'Building file: ../src/platform.c'
'Invoking: ARM v7 gcc compiler'
arm-none-eabi-gcc -Wall -O0 -g3 -I../src/ucos -c -fmessage-length=0 -MT"src/platform.o" -mcpu=cortex-a9 -mfpu=vfpv3 -mfloat-abi=hard -I../../standalone_bsp_0/ps7_cortexa9_0/include -MMD -MP -MF"src/platform.d" -MT"src/platform.o" -o "src/platform.o" "../src/platform.c"
'Finished building: ../src/platform.c'
' '
'Building file: ../src/simAvion.c'
'Invoking: ARM v7 gcc compiler'
arm-none-eabi-gcc -Wall -O0 -g3 -I../src/ucos -c -fmessage-length=0 -MT"src/simAvion.o" -mcpu=cortex-a9 -mfpu=vfpv3 -mfloat-abi=hard -I../../standalone_bsp_0/ps7_cortexa9_0/include -MMD -MP -MF"src/simAvion.d" -MT"src/simAvion.o" -o "src/simAvion.o" "../src/simAvion.c"
../src/simAvion.c: In function 'create_tasks':
../src/simAvion.c:102:10: warning: unused variable 'err' [-Wunused-variable]
  uint8_t err;
          ^~~
../src/simAvion.c:100:16: warning: unused variable 'verificationStk' [-Wunused-variable]
  static OS_STK verificationStk[TASK_STK_SIZE];
                ^~~~~~~~~~~~~~~
../src/simAvion.c:99:16: warning: unused variable 'statistiquesStk' [-Wunused-variable]
  static OS_STK statistiquesStk[TASK_STK_SIZE];
                ^~~~~~~~~~~~~~~
../src/simAvion.c:98:16: warning: unused variable 'decollageStk' [-Wunused-variable]
  static OS_STK decollageStk[TASK_STK_SIZE];
                ^~~~~~~~~~~~
../src/simAvion.c:97:16: warning: unused variable 'terminal1Stk' [-Wunused-variable]
  static OS_STK terminal1Stk[TASK_STK_SIZE];
                ^~~~~~~~~~~~
../src/simAvion.c:96:16: warning: unused variable 'terminal0Stk' [-Wunused-variable]
  static OS_STK terminal0Stk[TASK_STK_SIZE];
                ^~~~~~~~~~~~
../src/simAvion.c:95:16: warning: unused variable 'atterrissage0Stk' [-Wunused-variable]
  static OS_STK atterrissage0Stk[TASK_STK_SIZE];
                ^~~~~~~~~~~~~~~~
../src/simAvion.c:94:16: warning: unused variable 'generationStk' [-Wunused-variable]
  static OS_STK generationStk[TASK_STK_SIZE]; //Stack of each task
                ^~~~~~~~~~~~~
../src/simAvion.c: In function 'create_events':
../src/simAvion.c:110:10: warning: unused variable 'err' [-Wunused-variable]
  uint8_t err;
          ^~~
../src/simAvion.c: In function 'generation':
../src/simAvion.c:122:10: warning: unused variable 'err' [-Wunused-variable]
  uint8_t err;
          ^~~
../src/simAvion.c: In function 'atterrissage':
../src/simAvion.c:149:9: warning: unused variable 'avion' [-Wunused-variable]
  Avion* avion = NULL;
         ^~~~~
../src/simAvion.c:148:10: warning: unused variable 'err' [-Wunused-variable]
  uint8_t err;
          ^~~
../src/simAvion.c: In function 'terminal':
../src/simAvion.c:167:10: warning: unused variable 'err' [-Wunused-variable]
  uint8_t err;
          ^~~
../src/simAvion.c: In function 'decollage':
../src/simAvion.c:192:9: warning: unused variable 'avion' [-Wunused-variable]
  Avion* avion = NULL;
         ^~~~~
../src/simAvion.c:191:10: warning: unused variable 'err' [-Wunused-variable]
  uint8_t err;
          ^~~
../src/simAvion.c: In function 'statistiques':
../src/simAvion.c:207:10: warning: unused variable 'err' [-Wunused-variable]
  uint8_t err;
          ^~~
../src/simAvion.c: In function 'verification':
../src/simAvion.c:233:10: warning: unused variable 'err' [-Wunused-variable]
  uint8_t err;
          ^~~
At top level:
../src/simAvion.c:94:16: warning: 'generationStk' defined but not used [-Wunused-variable]
  static OS_STK generationStk[TASK_STK_SIZE]; //Stack of each task
                ^~~~~~~~~~~~~
../src/simAvion.c:95:16: warning: 'atterrissage0Stk' defined but not used [-Wunused-variable]
  static OS_STK atterrissage0Stk[TASK_STK_SIZE];
                ^~~~~~~~~~~~~~~~
../src/simAvion.c:96:16: warning: 'terminal0Stk' defined but not used [-Wunused-variable]
  static OS_STK terminal0Stk[TASK_STK_SIZE];
                ^~~~~~~~~~~~
../src/simAvion.c:97:16: warning: 'terminal1Stk' defined but not used [-Wunused-variable]
  static OS_STK terminal1Stk[TASK_STK_SIZE];
                ^~~~~~~~~~~~
../src/simAvion.c:98:16: warning: 'decollageStk' defined but not used [-Wunused-variable]
  static OS_STK decollageStk[TASK_STK_SIZE];
                ^~~~~~~~~~~~
../src/simAvion.c:99:16: warning: 'statistiquesStk' defined but not used [-Wunused-variable]
  static OS_STK statistiquesStk[TASK_STK_SIZE];
                ^~~~~~~~~~~~~~~
../src/simAvion.c:100:16: warning: 'verificationStk' defined but not used [-Wunused-variable]
  static OS_STK verificationStk[TASK_STK_SIZE];
                ^~~~~~~~~~~~~~~
'Finished building: ../src/simAvion.c'
' '
'Building target: Lab2.elf'
'Invoking: ARM v7 gcc linker'
arm-none-eabi-gcc -mcpu=cortex-a9 -mfpu=vfpv3 -mfloat-abi=hard -Wl,-build-id=none -specs=Xilinx.spec -Wl,-T -Wl,../src/lscript.ld -L../../standalone_bsp_0/ps7_cortexa9_0/lib -o "Lab2.elf"  ./src/ucos/CortexA-MPCore_GIC_a.o ./src/ucos/CortexA-MPCore_GIC_c.o ./src/ucos/CortexA-MPCore_PrivateTimer.o ./src/ucos/CortexA-MPCore_SCU.o ./src/ucos/asm_vectors.o ./src/ucos/os_core.o ./src/ucos/os_cpu_a.o ./src/ucos/os_cpu_c.o ./src/ucos/os_cpu_fpu_a.o ./src/ucos/os_dbg.o ./src/ucos/os_flag.o ./src/ucos/os_mbox.o ./src/ucos/os_mem.o ./src/ucos/os_mutex.o ./src/ucos/os_q.o ./src/ucos/os_sem.o ./src/ucos/os_task.o ./src/ucos/os_time.o ./src/ucos/os_tmr.o  ./src/bsp_init.o ./src/platform.o ./src/simAvion.o   -Wl,--start-group,-lxil,-lgcc,-lc,--end-group
'Finished building target: Lab2.elf'
' '
'Invoking: ARM v7 Print Size'
arm-none-eabi-size Lab2.elf  |tee "Lab2.elf.size"
   text	   data	    bss	    dec	    hex	filename
 134496	   4212	 487856	 626564	  98f84	Lab2.elf
'Finished building: Lab2.elf.size'
' '
09:41:29 **** Auto Build of configuration Debug for project Lab2 ****
make pre-build main-build 
a9-linaro-pre-build-step
' '
'Building target: Lab2.elf'
'Invoking: ARM v7 gcc linker'
arm-none-eabi-gcc -mcpu=cortex-a9 -mfpu=vfpv3 -mfloat-abi=hard -Wl,-build-id=none -specs=Xilinx.spec -Wl,-T -Wl,../src/lscript.ld -L../../standalone_bsp_0/ps7_cortexa9_0/lib -o "Lab2.elf"  ./src/ucos/CortexA-MPCore_GIC_a.o ./src/ucos/CortexA-MPCore_GIC_c.o ./src/ucos/CortexA-MPCore_PrivateTimer.o ./src/ucos/CortexA-MPCore_SCU.o ./src/ucos/asm_vectors.o ./src/ucos/os_core.o ./src/ucos/os_cpu_a.o ./src/ucos/os_cpu_c.o ./src/ucos/os_cpu_fpu_a.o ./src/ucos/os_dbg.o ./src/ucos/os_flag.o ./src/ucos/os_mbox.o ./src/ucos/os_mem.o ./src/ucos/os_mutex.o ./src/ucos/os_q.o ./src/ucos/os_sem.o ./src/ucos/os_task.o ./src/ucos/os_time.o ./src/ucos/os_tmr.o  ./src/bsp_init.o ./src/platform.o ./src/simAvion.o   -Wl,--start-group,-lxil,-lgcc,-lc,--end-group
'Finished building target: Lab2.elf'
' '
'Invoking: ARM v7 Print Size'
arm-none-eabi-size Lab2.elf  |tee "Lab2.elf.size"
   text	   data	    bss	    dec	    hex	filename
 134496	   4212	4665776	4804484	 494f84	Lab2.elf
'Finished building: Lab2.elf.size'
' '
09:41:44 **** Incremental Build of configuration Debug for project Lab2 ****
make pre-build main-build 
a9-linaro-pre-build-step
' '
make: Rien à faire pour « main-build ».
09:57:13 **** Auto Build of configuration Debug for project Lab2 ****
make pre-build main-build 
a9-linaro-pre-build-step
' '
'Building file: ../src/bsp_init.c'
'Invoking: ARM v7 gcc compiler'
arm-none-eabi-gcc -Wall -O0 -g3 -I../src/ucos -c -fmessage-length=0 -MT"src/bsp_init.o" -mcpu=cortex-a9 -mfpu=vfpv3 -mfloat-abi=hard -I../../standalone_bsp_0/ps7_cortexa9_0/include -MMD -MP -MF"src/bsp_init.d" -MT"src/bsp_init.o" -o "src/bsp_init.o" "../src/bsp_init.c"
'Finished building: ../src/bsp_init.c'
' '
'Building file: ../src/simAvion.c'
'Invoking: ARM v7 gcc compiler'
arm-none-eabi-gcc -Wall -O0 -g3 -I../src/ucos -c -fmessage-length=0 -MT"src/simAvion.o" -mcpu=cortex-a9 -mfpu=vfpv3 -mfloat-abi=hard -I../../standalone_bsp_0/ps7_cortexa9_0/include -MMD -MP -MF"src/simAvion.d" -MT"src/simAvion.o" -o "src/simAvion.o" "../src/simAvion.c"
../src/simAvion.c: In function 'create_tasks':
../src/simAvion.c:102:10: warning: unused variable 'err' [-Wunused-variable]
  uint8_t err;
          ^~~
../src/simAvion.c:100:16: warning: unused variable 'verificationStk' [-Wunused-variable]
  static OS_STK verificationStk[TASK_STK_SIZE];
                ^~~~~~~~~~~~~~~
../src/simAvion.c:99:16: warning: unused variable 'statistiquesStk' [-Wunused-variable]
  static OS_STK statistiquesStk[TASK_STK_SIZE];
                ^~~~~~~~~~~~~~~
../src/simAvion.c:98:16: warning: unused variable 'decollageStk' [-Wunused-variable]
  static OS_STK decollageStk[TASK_STK_SIZE];
                ^~~~~~~~~~~~
../src/simAvion.c:97:16: warning: unused variable 'terminal1Stk' [-Wunused-variable]
  static OS_STK terminal1Stk[TASK_STK_SIZE];
                ^~~~~~~~~~~~
../src/simAvion.c:96:16: warning: unused variable 'terminal0Stk' [-Wunused-variable]
  static OS_STK terminal0Stk[TASK_STK_SIZE];
                ^~~~~~~~~~~~
../src/simAvion.c:95:16: warning: unused variable 'atterrissage0Stk' [-Wunused-variable]
  static OS_STK atterrissage0Stk[TASK_STK_SIZE];
                ^~~~~~~~~~~~~~~~
../src/simAvion.c:94:16: warning: unused variable 'generationStk' [-Wunused-variable]
  static OS_STK generationStk[TASK_STK_SIZE]; //Stack of each task
                ^~~~~~~~~~~~~
../src/simAvion.c: In function 'create_events':
../src/simAvion.c:110:10: warning: unused variable 'err' [-Wunused-variable]
  uint8_t err;
          ^~~
../src/simAvion.c: In function 'generation':
../src/simAvion.c:122:10: warning: unused variable 'err' [-Wunused-variable]
  uint8_t err;
          ^~~
../src/simAvion.c: In function 'atterrissage':
../src/simAvion.c:149:9: warning: unused variable 'avion' [-Wunused-variable]
  Avion* avion = NULL;
         ^~~~~
../src/simAvion.c:148:10: warning: unused variable 'err' [-Wunused-variable]
  uint8_t err;
          ^~~
../src/simAvion.c: In function 'terminal':
../src/simAvion.c:167:10: warning: unused variable 'err' [-Wunused-variable]
  uint8_t err;
          ^~~
../src/simAvion.c: In function 'decollage':
../src/simAvion.c:192:9: warning: unused variable 'avion' [-Wunused-variable]
  Avion* avion = NULL;
         ^~~~~
../src/simAvion.c:191:10: warning: unused variable 'err' [-Wunused-variable]
  uint8_t err;
          ^~~
../src/simAvion.c: In function 'statistiques':
../src/simAvion.c:207:10: warning: unused variable 'err' [-Wunused-variable]
  uint8_t err;
          ^~~
../src/simAvion.c: In function 'verification':
../src/simAvion.c:233:10: warning: unused variable 'err' [-Wunused-variable]
  uint8_t err;
          ^~~
At top level:
../src/simAvion.c:94:16: warning: 'generationStk' defined but not used [-Wunused-variable]
  static OS_STK generationStk[TASK_STK_SIZE]; //Stack of each task
                ^~~~~~~~~~~~~
../src/simAvion.c:95:16: warning: 'atterrissage0Stk' defined but not used [-Wunused-variable]
  static OS_STK atterrissage0Stk[TASK_STK_SIZE];
                ^~~~~~~~~~~~~~~~
../src/simAvion.c:96:16: warning: 'terminal0Stk' defined but not used [-Wunused-variable]
  static OS_STK terminal0Stk[TASK_STK_SIZE];
                ^~~~~~~~~~~~
../src/simAvion.c:97:16: warning: 'terminal1Stk' defined but not used [-Wunused-variable]
  static OS_STK terminal1Stk[TASK_STK_SIZE];
                ^~~~~~~~~~~~
../src/simAvion.c:98:16: warning: 'decollageStk' defined but not used [-Wunused-variable]
  static OS_STK decollageStk[TASK_STK_SIZE];
                ^~~~~~~~~~~~
../src/simAvion.c:99:16: warning: 'statistiquesStk' defined but not used [-Wunused-variable]
  static OS_STK statistiquesStk[TASK_STK_SIZE];
                ^~~~~~~~~~~~~~~
../src/simAvion.c:100:16: warning: 'verificationStk' defined but not used [-Wunused-variable]
  static OS_STK verificationStk[TASK_STK_SIZE];
                ^~~~~~~~~~~~~~~
'Finished building: ../src/simAvion.c'
' '
'Building target: Lab2.elf'
'Invoking: ARM v7 gcc linker'
arm-none-eabi-gcc -mcpu=cortex-a9 -mfpu=vfpv3 -mfloat-abi=hard -Wl,-build-id=none -specs=Xilinx.spec -Wl,-T -Wl,../src/lscript.ld -L../../standalone_bsp_0/ps7_cortexa9_0/lib -o "Lab2.elf"  ./src/ucos/CortexA-MPCore_GIC_a.o ./src/ucos/CortexA-MPCore_GIC_c.o ./src/ucos/CortexA-MPCore_PrivateTimer.o ./src/ucos/CortexA-MPCore_SCU.o ./src/ucos/asm_vectors.o ./src/ucos/os_core.o ./src/ucos/os_cpu_a.o ./src/ucos/os_cpu_c.o ./src/ucos/os_cpu_fpu_a.o ./src/ucos/os_dbg.o ./src/ucos/os_flag.o ./src/ucos/os_mbox.o ./src/ucos/os_mem.o ./src/ucos/os_mutex.o ./src/ucos/os_q.o ./src/ucos/os_sem.o ./src/ucos/os_task.o ./src/ucos/os_time.o ./src/ucos/os_tmr.o  ./src/bsp_init.o ./src/platform.o ./src/simAvion.o   -Wl,--start-group,-lxil,-lgcc,-lc,--end-group
'Finished building target: Lab2.elf'
' '
'Invoking: ARM v7 Print Size'
arm-none-eabi-size Lab2.elf  |tee "Lab2.elf.size"
   text	   data	    bss	    dec	    hex	filename
 134496	   4212	4665776	4804484	 494f84	Lab2.elf
'Finished building: Lab2.elf.size'
' '
09:58:12 **** Auto Build of configuration Debug for project Lab2 ****
make pre-build main-build 
a9-linaro-pre-build-step
' '
'Building file: ../src/bsp_init.c'
'Invoking: ARM v7 gcc compiler'
arm-none-eabi-gcc -Wall -O0 -g3 -I../src/ucos -c -fmessage-length=0 -MT"src/bsp_init.o" -mcpu=cortex-a9 -mfpu=vfpv3 -mfloat-abi=hard -I../../standalone_bsp_0/ps7_cortexa9_0/include -MMD -MP -MF"src/bsp_init.d" -MT"src/bsp_init.o" -o "src/bsp_init.o" "../src/bsp_init.c"
'Finished building: ../src/bsp_init.c'
' '
'Building file: ../src/simAvion.c'
'Invoking: ARM v7 gcc compiler'
arm-none-eabi-gcc -Wall -O0 -g3 -I../src/ucos -c -fmessage-length=0 -MT"src/simAvion.o" -mcpu=cortex-a9 -mfpu=vfpv3 -mfloat-abi=hard -I../../standalone_bsp_0/ps7_cortexa9_0/include -MMD -MP -MF"src/simAvion.d" -MT"src/simAvion.o" -o "src/simAvion.o" "../src/simAvion.c"
../src/simAvion.c: In function 'create_tasks':
../src/simAvion.c:102:10: warning: unused variable 'err' [-Wunused-variable]
  uint8_t err;
          ^~~
../src/simAvion.c:100:16: warning: unused variable 'verificationStk' [-Wunused-variable]
  static OS_STK verificationStk[TASK_STK_SIZE];
                ^~~~~~~~~~~~~~~
[...]
../src/simAvion.c: In function 'atterrissage':
../src/simAvion.c:236:15: error: 'falgTerminaux' undeclared (first use in this function); did you mean 'flagTerminaux'?
    OSFlagPost(falgTerminaux, FLAG_TERMINAL0, OS_FLAG_CLR, &err);
               ^~~~~~~~~~~~~
               flagTerminaux
../src/simAvion.c:236:15: note: each undeclared identifier is reported only once for each function it appears in
../src/simAvion.c: In function 'decollage':
../src/simAvion.c:285:9: warning: unused variable 'avion' [-Wunused-variable]
  Avion* avion = NULL;
         ^~~~~
../src/simAvion.c:284:10: warning: unused variable 'err' [-Wunused-variable]
  uint8_t err;
          ^~~
make: *** [src/simAvion.o] Erreur 1
10:45:22 **** Auto Build of configuration Debug for project Lab2 ****
make pre-build main-build 
a9-linaro-pre-build-step
' '
'Building file: ../src/simAvion.c'
'Invoking: ARM v7 gcc compiler'
arm-none-eabi-gcc -Wall -O0 -g3 -I../src/ucos -c -fmessage-length=0 -MT"src/simAvion.o" -mcpu=cortex-a9 -mfpu=vfpv3 -mfloat-abi=hard -I../../standalone_bsp_0/ps7_cortexa9_0/include -MMD -MP -MF"src/simAvion.d" -MT"src/simAvion.o" -o "src/simAvion.o" "../src/simAvion.c"
../src/simAvion.c: In function 'decollage':
../src/simAvion.c:285:9: warning: unused variable 'avion' [-Wunused-variable]
  Avion* avion = NULL;
         ^~~~~
../src/simAvion.c:284:10: warning: unused variable 'err' [-Wunused-variable]
  uint8_t err;
          ^~~
'Finished building: ../src/simAvion.c'
' '
'Building target: Lab2.elf'
'Invoking: ARM v7 gcc linker'
arm-none-eabi-gcc -mcpu=cortex-a9 -mfpu=vfpv3 -mfloat-abi=hard -Wl,-build-id=none -specs=Xilinx.spec -Wl,-T -Wl,../src/lscript.ld -L../../standalone_bsp_0/ps7_cortexa9_0/lib -o "Lab2.elf"  ./src/ucos/CortexA-MPCore_GIC_a.o ./src/ucos/CortexA-MPCore_GIC_c.o ./src/ucos/CortexA-MPCore_PrivateTimer.o ./src/ucos/CortexA-MPCore_SCU.o ./src/ucos/asm_vectors.o ./src/ucos/os_core.o ./src/ucos/os_cpu_a.o ./src/ucos/os_cpu_c.o ./src/ucos/os_cpu_fpu_a.o ./src/ucos/os_dbg.o ./src/ucos/os_flag.o ./src/ucos/os_mbox.o ./src/ucos/os_mem.o ./src/ucos/os_mutex.o ./src/ucos/os_q.o ./src/ucos/os_sem.o ./src/ucos/os_task.o ./src/ucos/os_time.o ./src/ucos/os_tmr.o  ./src/bsp_init.o ./src/platform.o ./src/simAvion.o   -Wl,--start-group,-lxil,-lgcc,-lc,--end-group
'Finished building target: Lab2.elf'
' '
'Invoking: ARM v7 Print Size'
arm-none-eabi-size Lab2.elf  |tee "Lab2.elf.size"
   text	   data	    bss	    dec	    hex	filename
 141600	   4228	4665792	4811620	 496b64	Lab2.elf
'Finished building: Lab2.elf.size'
' '
10:50:43 **** Auto Build of configuration Debug for project Lab2 ****
make pre-build main-build 
a9-linaro-pre-build-step
' '
'Building file: ../src/simAvion.c'
'Invoking: ARM v7 gcc compiler'
arm-none-eabi-gcc -Wall -O0 -g3 -I../src/ucos -c -fmessage-length=0 -MT"src/simAvion.o" -mcpu=cortex-a9 -mfpu=vfpv3 -mfloat-abi=hard -I../../standalone_bsp_0/ps7_cortexa9_0/include -MMD -MP -MF"src/simAvion.d" -MT"src/simAvion.o" -o "src/simAvion.o" "../src/simAvion.c"
../src/simAvion.c: In function 'decollage':
../src/simAvion.c:285:9: warning: variable 'avion' set but not used [-Wunused-but-set-variable]
  Avion* avion = NULL;
         ^~~~~
'Finished building: ../src/simAvion.c'
' '
'Building target: Lab2.elf'
'Invoking: ARM v7 gcc linker'
arm-none-eabi-gcc -mcpu=cortex-a9 -mfpu=vfpv3 -mfloat-abi=hard -Wl,-build-id=none -specs=Xilinx.spec -Wl,-T -Wl,../src/lscript.ld -L../../standalone_bsp_0/ps7_cortexa9_0/lib -o "Lab2.elf"  ./src/ucos/CortexA-MPCore_GIC_a.o ./src/ucos/CortexA-MPCore_GIC_c.o ./src/ucos/CortexA-MPCore_PrivateTimer.o ./src/ucos/CortexA-MPCore_SCU.o ./src/ucos/asm_vectors.o ./src/ucos/os_core.o ./src/ucos/os_cpu_a.o ./src/ucos/os_cpu_c.o ./src/ucos/os_cpu_fpu_a.o ./src/ucos/os_dbg.o ./src/ucos/os_flag.o ./src/ucos/os_mbox.o ./src/ucos/os_mem.o ./src/ucos/os_mutex.o ./src/ucos/os_q.o ./src/ucos/os_sem.o ./src/ucos/os_task.o ./src/ucos/os_time.o ./src/ucos/os_tmr.o  ./src/bsp_init.o ./src/platform.o ./src/simAvion.o   -Wl,--start-group,-lxil,-lgcc,-lc,--end-group
'Finished building target: Lab2.elf'
' '
'Invoking: ARM v7 Print Size'
arm-none-eabi-size Lab2.elf  |tee "Lab2.elf.size"
   text	   data	    bss	    dec	    hex	filename
 141600	   4228	4665792	4811620	 496b64	Lab2.elf
'Finished building: Lab2.elf.size'
' '
10:51:03 **** Auto Build of configuration Debug for project Lab2 ****
make pre-build main-build 
a9-linaro-pre-build-step
' '
'Building file: ../src/simAvion.c'
'Invoking: ARM v7 gcc compiler'
arm-none-eabi-gcc -Wall -O0 -g3 -I../src/ucos -c -fmessage-length=0 -MT"src/simAvion.o" -mcpu=cortex-a9 -mfpu=vfpv3 -mfloat-abi=hard -I../../standalone_bsp_0/ps7_cortexa9_0/include -MMD -MP -MF"src/simAvion.d" -MT"src/simAvion.o" -o "src/simAvion.o" "../src/simAvion.c"
../src/simAvion.c: In function 'decollage':
../src/simAvion.c:285:9: warning: variable 'avion' set but not used [-Wunused-but-set-variable]
  Avion* avion = NULL;
         ^~~~~
'Finished building: ../src/simAvion.c'
' '
'Building target: Lab2.elf'
'Invoking: ARM v7 gcc linker'
arm-none-eabi-gcc -mcpu=cortex-a9 -mfpu=vfpv3 -mfloat-abi=hard -Wl,-build-id=none -specs=Xilinx.spec -Wl,-T -Wl,../src/lscript.ld -L../../standalone_bsp_0/ps7_cortexa9_0/lib -o "Lab2.elf"  ./src/ucos/CortexA-MPCore_GIC_a.o ./src/ucos/CortexA-MPCore_GIC_c.o ./src/ucos/CortexA-MPCore_PrivateTimer.o ./src/ucos/CortexA-MPCore_SCU.o ./src/ucos/asm_vectors.o ./src/ucos/os_core.o ./src/ucos/os_cpu_a.o ./src/ucos/os_cpu_c.o ./src/ucos/os_cpu_fpu_a.o ./src/ucos/os_dbg.o ./src/ucos/os_flag.o ./src/ucos/os_mbox.o ./src/ucos/os_mem.o ./src/ucos/os_mutex.o ./src/ucos/os_q.o ./src/ucos/os_sem.o ./src/ucos/os_task.o ./src/ucos/os_time.o ./src/ucos/os_tmr.o  ./src/bsp_init.o ./src/platform.o ./src/simAvion.o   -Wl,--start-group,-lxil,-lgcc,-lc,--end-group
'Finished building target: Lab2.elf'
' '
'Invoking: ARM v7 Print Size'
arm-none-eabi-size Lab2.elf  |tee "Lab2.elf.size"
   text	   data	    bss	    dec	    hex	filename
 141696	   4228	4665792	4811716	 496bc4	Lab2.elf
'Finished building: Lab2.elf.size'
' '
10:57:20 **** Auto Build of configuration Debug for project Lab2 ****
make pre-build main-build 
a9-linaro-pre-build-step
' '
'Building file: ../src/simAvion.c'
'Invoking: ARM v7 gcc compiler'
arm-none-eabi-gcc -Wall -O0 -g3 -I../src/ucos -c -fmessage-length=0 -MT"src/simAvion.o" -mcpu=cortex-a9 -mfpu=vfpv3 -mfloat-abi=hard -I../../standalone_bsp_0/ps7_cortexa9_0/include -MMD -MP -MF"src/simAvion.d" -MT"src/simAvion.o" -o "src/simAvion.o" "../src/simAvion.c"
../src/simAvion.c: In function 'decollage':
../src/simAvion.c:285:9: warning: variable 'avion' set but not used [-Wunused-but-set-variable]
  Avion* avion = NULL;
         ^~~~~
'Finished building: ../src/simAvion.c'
' '
'Building target: Lab2.elf'
'Invoking: ARM v7 gcc linker'
arm-none-eabi-gcc -mcpu=cortex-a9 -mfpu=vfpv3 -mfloat-abi=hard -Wl,-build-id=none -specs=Xilinx.spec -Wl,-T -Wl,../src/lscript.ld -L../../standalone_bsp_0/ps7_cortexa9_0/lib -o "Lab2.elf"  ./src/ucos/CortexA-MPCore_GIC_a.o ./src/ucos/CortexA-MPCore_GIC_c.o ./src/ucos/CortexA-MPCore_PrivateTimer.o ./src/ucos/CortexA-MPCore_SCU.o ./src/ucos/asm_vectors.o ./src/ucos/os_core.o ./src/ucos/os_cpu_a.o ./src/ucos/os_cpu_c.o ./src/ucos/os_cpu_fpu_a.o ./src/ucos/os_dbg.o ./src/ucos/os_flag.o ./src/ucos/os_mbox.o ./src/ucos/os_mem.o ./src/ucos/os_mutex.o ./src/ucos/os_q.o ./src/ucos/os_sem.o ./src/ucos/os_task.o ./src/ucos/os_time.o ./src/ucos/os_tmr.o  ./src/bsp_init.o ./src/platform.o ./src/simAvion.o   -Wl,--start-group,-lxil,-lgcc,-lc,--end-group
'Finished building target: Lab2.elf'
' '
'Invoking: ARM v7 Print Size'
arm-none-eabi-size Lab2.elf  |tee "Lab2.elf.size"
   text	   data	    bss	    dec	    hex	filename
 141696	   4228	4665792	4811716	 496bc4	Lab2.elf
'Finished building: Lab2.elf.size'
' '
10:57:38 **** Auto Build of configuration Debug for project Lab2 ****
make pre-build main-build 
a9-linaro-pre-build-step
' '
'Building file: ../src/simAvion.c'
'Invoking: ARM v7 gcc compiler'
arm-none-eabi-gcc -Wall -O0 -g3 -I../src/ucos -c -fmessage-length=0 -MT"src/simAvion.o" -mcpu=cortex-a9 -mfpu=vfpv3 -mfloat-abi=hard -I../../standalone_bsp_0/ps7_cortexa9_0/include -MMD -MP -MF"src/simAvion.d" -MT"src/simAvion.o" -o "src/simAvion.o" "../src/simAvion.c"
../src/simAvion.c: In function 'decollage':
../src/simAvion.c:285:9: warning: variable 'avion' set but not used [-Wunused-but-set-variable]
  Avion* avion = NULL;
         ^~~~~
'Finished building: ../src/simAvion.c'
' '
'Building target: Lab2.elf'
'Invoking: ARM v7 gcc linker'
arm-none-eabi-gcc -mcpu=cortex-a9 -mfpu=vfpv3 -mfloat-abi=hard -Wl,-build-id=none -specs=Xilinx.spec -Wl,-T -Wl,../src/lscript.ld -L../../standalone_bsp_0/ps7_cortexa9_0/lib -o "Lab2.elf"  ./src/ucos/CortexA-MPCore_GIC_a.o ./src/ucos/CortexA-MPCore_GIC_c.o ./src/ucos/CortexA-MPCore_PrivateTimer.o ./src/ucos/CortexA-MPCore_SCU.o ./src/ucos/asm_vectors.o ./src/ucos/os_core.o ./src/ucos/os_cpu_a.o ./src/ucos/os_cpu_c.o ./src/ucos/os_cpu_fpu_a.o ./src/ucos/os_dbg.o ./src/ucos/os_flag.o ./src/ucos/os_mbox.o ./src/ucos/os_mem.o ./src/ucos/os_mutex.o ./src/ucos/os_q.o ./src/ucos/os_sem.o ./src/ucos/os_task.o ./src/ucos/os_time.o ./src/ucos/os_tmr.o  ./src/bsp_init.o ./src/platform.o ./src/simAvion.o   -Wl,--start-group,-lxil,-lgcc,-lc,--end-group
'Finished building target: Lab2.elf'
' '
'Invoking: ARM v7 Print Size'
arm-none-eabi-size Lab2.elf  |tee "Lab2.elf.size"
   text	   data	    bss	    dec	    hex	filename
 141696	   4228	4665792	4811716	 496bc4	Lab2.elf
'Finished building: Lab2.elf.size'
' '
11:16:02 **** Auto Build of configuration Debug for project Lab2 ****
make pre-build main-build 
a9-linaro-pre-build-step
' '
'Building file: ../src/simAvion.c'
'Invoking: ARM v7 gcc compiler'
arm-none-eabi-gcc -Wall -O0 -g3 -I../src/ucos -c -fmessage-length=0 -MT"src/simAvion.o" -mcpu=cortex-a9 -mfpu=vfpv3 -mfloat-abi=hard -I../../standalone_bsp_0/ps7_cortexa9_0/include -MMD -MP -MF"src/simAvion.d" -MT"src/simAvion.o" -o "src/simAvion.o" "../src/simAvion.c"
../src/simAvion.c: In function 'decollage':
../src/simAvion.c:285:9: warning: variable 'avion' set but not used [-Wunused-but-set-variable]
  Avion* avion = NULL;
         ^~~~~
../src/simAvion.c: In function 'statistiques':
../src/simAvion.c:315:3: warning: implicit declaration of function 'OSQuery'; did you mean 'OSQQuery'? [-Wimplicit-function-declaration]
   OSQuery(Q_atterrissage_high, &dataHigh);
   ^~~~~~~
   OSQQuery
../src/simAvion.c:319:3: error: unknown type name 'OSQ'; did you mean 'OS_Q'?
   OSQ
   ^~~
   OS_Q
../src/simAvion.c:325:14: error: expected declaration specifiers or '...' before string constant
   xil_printf("Terminal 0 ");
              ^~~~~~~~~~~~~
../src/simAvion.c: At top level:
../src/simAvion.c:366:6: error: conflicting types for 'safePrint'
 void safePrint(char* msg, ...) {
      ^~~~~~~~~
In file included from ../src/simAvion.c:18:0:
../src/simAvion.h:141:7: note: previous declaration of 'safePrint' was here
 void  safePrint(char* msg);
       ^~~~~~~~~
make: *** [src/simAvion.o] Erreur 1
11:16:12 **** Auto Build of configuration Debug for project Lab2 ****
make pre-build main-build 
a9-linaro-pre-build-step
' '
'Building file: ../src/simAvion.c'
'Invoking: ARM v7 gcc compiler'
arm-none-eabi-gcc -Wall -O0 -g3 -I../src/ucos -c -fmessage-length=0 -MT"src/simAvion.o" -mcpu=cortex-a9 -mfpu=vfpv3 -mfloat-abi=hard -I../../standalone_bsp_0/ps7_cortexa9_0/include -MMD -MP -MF"src/simAvion.d" -MT"src/simAvion.o" -o "src/simAvion.o" "../src/simAvion.c"
../src/simAvion.c: In function 'decollage':
../src/simAvion.c:285:9: warning: variable 'avion' set but not used [-Wunused-but-set-variable]
  Avion* avion = NULL;
         ^~~~~
../src/simAvion.c: In function 'statistiques':
../src/simAvion.c:315:3: warning: implicit declaration of function 'OSQuery'; did you mean 'OSQQuery'? [-Wimplicit-function-declaration]
   OSQuery(Q_atterrissage_high, &dataHigh);
   ^~~~~~~
   OSQQuery
../src/simAvion.c: At top level:
../src/simAvion.c:365:6: error: conflicting types for 'safePrint'
 void safePrint(char* msg, ...) {
      ^~~~~~~~~
In file included from ../src/simAvion.c:18:0:
../src/simAvion.h:141:7: note: previous declaration of 'safePrint' was here
 void  safePrint(char* msg);
       ^~~~~~~~~
make: *** [src/simAvion.o] Erreur 1
11:16:28 **** Auto Build of configuration Debug for project Lab2 ****
make pre-build main-build 
a9-linaro-pre-build-step
' '
'Building file: ../src/simAvion.c'
'Invoking: ARM v7 gcc compiler'
arm-none-eabi-gcc -Wall -O0 -g3 -I../src/ucos -c -fmessage-length=0 -MT"src/simAvion.o" -mcpu=cortex-a9 -mfpu=vfpv3 -mfloat-abi=hard -I../../standalone_bsp_0/ps7_cortexa9_0/include -MMD -MP -MF"src/simAvion.d" -MT"src/simAvion.o" -o "src/simAvion.o" "../src/simAvion.c"
../src/simAvion.c: In function 'decollage':
../src/simAvion.c:285:9: warning: variable 'avion' set but not used [-Wunused-but-set-variable]
  Avion* avion = NULL;
         ^~~~~
../src/simAvion.c: In function 'statistiques':
../src/simAvion.c:315:13: error: redefinition of 'dataHigh'
   OS_Q_DATA dataHigh = {0};
             ^~~~~~~~
../src/simAvion.c:314:13: note: previous definition of 'dataHigh' was here
   OS_Q_DATA dataHigh = {0};
             ^~~~~~~~
../src/simAvion.c:316:13: error: redefinition of 'dataHigh'
   OS_Q_DATA dataHigh = {0};
             ^~~~~~~~
../src/simAvion.c:315:13: note: previous definition of 'dataHigh' was here
   OS_Q_DATA dataHigh = {0};
             ^~~~~~~~
../src/simAvion.c:317:3: warning: implicit declaration of function 'OSQuery'; did you mean 'OSQQuery'? [-Wimplicit-function-declaration]
   OSQuery(Q_atterrissage_high, &dataHigh);
   ^~~~~~~
   OSQQuery
../src/simAvion.c: At top level:
../src/simAvion.c:370:6: error: conflicting types for 'safePrint'
 void safePrint(char* msg, ...) {
      ^~~~~~~~~
In file included from ../src/simAvion.c:18:0:
../src/simAvion.h:141:7: note: previous declaration of 'safePrint' was here
 void  safePrint(char* msg);
       ^~~~~~~~~
make: *** [src/simAvion.o] Erreur 1
11:16:58 **** Auto Build of configuration Debug for project Lab2 ****
make pre-build main-build 
a9-linaro-pre-build-step
' '
'Building file: ../src/simAvion.c'
'Invoking: ARM v7 gcc compiler'
arm-none-eabi-gcc -Wall -O0 -g3 -I../src/ucos -c -fmessage-length=0 -MT"src/simAvion.o" -mcpu=cortex-a9 -mfpu=vfpv3 -mfloat-abi=hard -I../../standalone_bsp_0/ps7_cortexa9_0/include -MMD -MP -MF"src/simAvion.d" -MT"src/simAvion.o" -o "src/simAvion.o" "../src/simAvion.c"
../src/simAvion.c: In function 'decollage':
../src/simAvion.c:285:9: warning: variable 'avion' set but not used [-Wunused-but-set-variable]
  Avion* avion = NULL;
         ^~~~~
../src/simAvion.c: In function 'statistiques':
../src/simAvion.c:317:3: warning: implicit declaration of function 'OSQuery'; did you mean 'OSQQuery'? [-Wimplicit-function-declaration]
   OSQuery(Q_atterrissage_high, &dataHigh);
   ^~~~~~~
   OSQQuery
../src/simAvion.c: At top level:
../src/simAvion.c:370:6: error: conflicting types for 'safePrint'
 void safePrint(char* msg, ...) {
      ^~~~~~~~~
In file included from ../src/simAvion.c:18:0:
../src/simAvion.h:141:7: note: previous declaration of 'safePrint' was here
 void  safePrint(char* msg);
       ^~~~~~~~~
make: *** [src/simAvion.o] Erreur 1
11:17:21 **** Auto Build of configuration Debug for project Lab2 ****
make pre-build main-build 
a9-linaro-pre-build-step
' '
'Building file: ../src/simAvion.c'
'Invoking: ARM v7 gcc compiler'
arm-none-eabi-gcc -Wall -O0 -g3 -I../src/ucos -c -fmessage-length=0 -MT"src/simAvion.o" -mcpu=cortex-a9 -mfpu=vfpv3 -mfloat-abi=hard -I../../standalone_bsp_0/ps7_cortexa9_0/include -MMD -MP -MF"src/simAvion.d" -MT"src/simAvion.o" -o "src/simAvion.o" "../src/simAvion.c"
../src/simAvion.c: In function 'decollage':
../src/simAvion.c:285:9: warning: variable 'avion' set but not used [-Wunused-but-set-variable]
  Avion* avion = NULL;
         ^~~~~
../src/simAvion.c: In function 'statistiques':
../src/simAvion.c:317:10: warning: implicit declaration of function 'OSQuery'; did you mean 'OSQQuery'? [-Wimplicit-function-declaration]
   err |= OSQuery(Q_atterrissage_high, &dataHigh);
          ^~~~~~~
          OSQQuery
../src/simAvion.c: At top level:
../src/simAvion.c:370:6: error: conflicting types for 'safePrint'
 void safePrint(char* msg, ...) {
      ^~~~~~~~~
In file included from ../src/simAvion.c:18:0:
../src/simAvion.h:141:7: note: previous declaration of 'safePrint' was here
 void  safePrint(char* msg);
       ^~~~~~~~~
make: *** [src/simAvion.o] Erreur 1
11:17:34 **** Auto Build of configuration Debug for project Lab2 ****
make pre-build main-build 
a9-linaro-pre-build-step
' '
'Building file: ../src/simAvion.c'
'Invoking: ARM v7 gcc compiler'
arm-none-eabi-gcc -Wall -O0 -g3 -I../src/ucos -c -fmessage-length=0 -MT"src/simAvion.o" -mcpu=cortex-a9 -mfpu=vfpv3 -mfloat-abi=hard -I../../standalone_bsp_0/ps7_cortexa9_0/include -MMD -MP -MF"src/simAvion.d" -MT"src/simAvion.o" -o "src/simAvion.o" "../src/simAvion.c"
../src/simAvion.c: In function 'decollage':
../src/simAvion.c:285:9: warning: variable 'avion' set but not used [-Wunused-but-set-variable]
  Avion* avion = NULL;
         ^~~~~
../src/simAvion.c: At top level:
../src/simAvion.c:370:6: error: conflicting types for 'safePrint'
 void safePrint(char* msg, ...) {
      ^~~~~~~~~
In file included from ../src/simAvion.c:18:0:
../src/simAvion.h:141:7: note: previous declaration of 'safePrint' was here
 void  safePrint(char* msg);
       ^~~~~~~~~
make: *** [src/simAvion.o] Erreur 1
11:22:29 **** Auto Build of configuration Debug for project Lab2 ****
make pre-build main-build 
a9-linaro-pre-build-step
' '
'Building file: ../src/simAvion.c'
'Invoking: ARM v7 gcc compiler'
arm-none-eabi-gcc -Wall -O0 -g3 -I../src/ucos -c -fmessage-length=0 -MT"src/simAvion.o" -mcpu=cortex-a9 -mfpu=vfpv3 -mfloat-abi=hard -I../../standalone_bsp_0/ps7_cortexa9_0/include -MMD -MP -MF"src/simAvion.d" -MT"src/simAvion.o" -o "src/simAvion.o" "../src/simAvion.c"
../src/simAvion.c: In function 'decollage':
../src/simAvion.c:285:9: warning: variable 'avion' set but not used [-Wunused-but-set-variable]
  Avion* avion = NULL;
         ^~~~~
../src/simAvion.c: In function 'statistiques':
../src/simAvion.c:336:3: error: unknown type name 'OSFlag'
   OSFlag
   ^~~~~~
../src/simAvion.c:337:12: error: expected '=', ',', ';', 'asm' or '__attribute__' before 'flags'
   OS_FLAGS flags = OSFlagPendGetFlagsRdy();
            ^~~~~
../src/simAvion.c: At top level:
../src/simAvion.c:381:6: error: conflicting types for 'safePrint'
 void safePrint(char* msg, ...) {
      ^~~~~~~~~
In file included from ../src/simAvion.c:18:0:
../src/simAvion.h:141:7: note: previous declaration of 'safePrint' was here
 void  safePrint(char* msg);
       ^~~~~~~~~
make: *** [src/simAvion.o] Erreur 1
11:22:42 **** Auto Build of configuration Debug for project Lab2 ****
make pre-build main-build 
a9-linaro-pre-build-step
' '
'Building file: ../src/simAvion.c'
'Invoking: ARM v7 gcc compiler'
arm-none-eabi-gcc -Wall -O0 -g3 -I../src/ucos -c -fmessage-length=0 -MT"src/simAvion.o" -mcpu=cortex-a9 -mfpu=vfpv3 -mfloat-abi=hard -I../../standalone_bsp_0/ps7_cortexa9_0/include -MMD -MP -MF"src/simAvion.d" -MT"src/simAvion.o" -o "src/simAvion.o" "../src/simAvion.c"
../src/simAvion.c: In function 'decollage':
../src/simAvion.c:285:9: warning: variable 'avion' set but not used [-Wunused-but-set-variable]
  Avion* avion = NULL;
         ^~~~~
../src/simAvion.c: In function 'statistiques':
../src/simAvion.c:337:12: warning: unused variable 'flags' [-Wunused-variable]
   OS_FLAGS flags = OSFlagPendGetFlagsRdy();
            ^~~~~
../src/simAvion.c: At top level:
../src/simAvion.c:381:6: error: conflicting types for 'safePrint'
 void safePrint(char* msg, ...) {
      ^~~~~~~~~
In file included from ../src/simAvion.c:18:0:
../src/simAvion.h:141:7: note: previous declaration of 'safePrint' was here
 void  safePrint(char* msg);
       ^~~~~~~~~
make: *** [src/simAvion.o] Erreur 1
