20:23:16 **** Auto Build of configuration Debug for project Lab2 ****
make pre-build main-build 
a9-linaro-pre-build-step
' '
'Building file: ../src/simAvion.c'
'Invoking: ARM v7 gcc compiler'
arm-none-eabi-gcc -Wall -O0 -g3 -I../src/ucos -c -fmessage-length=0 -MT"src/simAvion.o" -mcpu=cortex-a9 -mfpu=vfpv3 -mfloat-abi=hard -I../../standalone_bsp_0/ps7_cortexa9_0/include -MMD -MP -MF"src/simAvion.d" -MT"src/simAvion.o" -o "src/simAvion.o" "../src/simAvion.c"
../src/simAvion.c: In function 'generation':
../src/simAvion.c:186:67: warning: passing argument 2 of 'safePrint' makes pointer from integer without a cast [-Wint-conversion]
    safePrint("[GENERATION] Avion genere avec retard de %d min\n", retard);
                                                                   ^~~~~~
In file included from ../src/simAvion.c:18:0:
../src/simAvion.h:158:7: note: expected 'void *' but argument is of type 'int'
 void  safePrint(const char* msg, void* arg);
       ^~~~~~~~~
../src/simAvion.c: In function 'atterrissage':
../src/simAvion.c:243:62: warning: passing argument 2 of 'safePrint' makes pointer from integer without a cast [-Wint-conversion]
   safePrint("[ATTERRISSAGE] Terminal libre num %d obtenu\n", termNumber);
                                                              ^~~~~~~~~~
In file included from ../src/simAvion.c:18:0:
../src/simAvion.h:158:7: note: expected 'void *' but argument is of type 'int8_t {aka signed char}'
 void  safePrint(const char* msg, void* arg);
       ^~~~~~~~~
../src/simAvion.c: In function 'terminal':
../src/simAvion.c:265:44: warning: passing argument 2 of 'safePrint' makes pointer from integer without a cast [-Wint-conversion]
  safePrint("[TERMINAL %d] Tache lancee\n", numTerminal);
                                            ^~~~~~~~~~~
In file included from ../src/simAvion.c:18:0:
../src/simAvion.h:158:7: note: expected 'void *' but argument is of type 'int'
 void  safePrint(const char* msg, void* arg);
       ^~~~~~~~~
../src/simAvion.c:276:48: warning: passing argument 2 of 'safePrint' makes pointer from integer without a cast [-Wint-conversion]
   safePrint("[TERMINAL %d] Obtention avion\n", numTerminal);
                                                ^~~~~~~~~~~
In file included from ../src/simAvion.c:18:0:
../src/simAvion.h:158:7: note: expected 'void *' but argument is of type 'int'
 void  safePrint(const char* msg, void* arg);
       ^~~~~~~~~
../src/simAvion.c:286:58: warning: passing argument 2 of 'safePrint' makes pointer from integer without a cast [-Wint-conversion]
    safePrint("[TERMINAL %d] File de decollage pleine\n", numTerminal);
                                                          ^~~~~~~~~~~
In file included from ../src/simAvion.c:18:0:
../src/simAvion.h:158:7: note: expected 'void *' but argument is of type 'int'
 void  safePrint(const char* msg, void* arg);
       ^~~~~~~~~
../src/simAvion.c:289:50: warning: passing argument 2 of 'safePrint' makes pointer from integer without a cast [-Wint-conversion]
    safePrint("[TERMINAL %d] Liberation avion\n", numTerminal);
                                                  ^~~~~~~~~~~
In file included from ../src/simAvion.c:18:0:
../src/simAvion.h:158:7: note: expected 'void *' but argument is of type 'int'
 void  safePrint(const char* msg, void* arg);
       ^~~~~~~~~
../src/simAvion.c: In function 'statistiques':
../src/simAvion.c:337:74: warning: passing argument 2 of 'safePrint' makes pointer from integer without a cast [-Wint-conversion]
   safePrint("Nb d'avions en attente d'atterrissage de type High : %d\n", dataHigh.OSNMsgs);
                                                                          ^~~~~~~~
In file included from ../src/simAvion.c:18:0:
../src/simAvion.h:158:7: note: expected 'void *' but argument is of type 'INT16U {aka short unsigned int}'
 void  safePrint(const char* msg, void* arg);
       ^~~~~~~~~
../src/simAvion.c:338:76: warning: passing argument 2 of 'safePrint' makes pointer from integer without a cast [-Wint-conversion]
   safePrint("Nb d'avions en attente d'atterrissage de type Medium : %d\n", dataMed.OSNMsgs);
                                                                            ^~~~~~~
In file included from ../src/simAvion.c:18:0:
../src/simAvion.h:158:7: note: expected 'void *' but argument is of type 'INT16U {aka short unsigned int}'
 void  safePrint(const char* msg, void* arg);
       ^~~~~~~~~
../src/simAvion.c:339:73: warning: passing argument 2 of 'safePrint' makes pointer from integer without a cast [-Wint-conversion]
   safePrint("Nb d'avions en attente d'atterrissage de type Low : %d\n", dataLow.OSNMsgs);
                                                                         ^~~~~~~
In file included from ../src/simAvion.c:18:0:
../src/simAvion.h:158:7: note: expected 'void *' but argument is of type 'INT16U {aka short unsigned int}'
 void  safePrint(const char* msg, void* arg);
       ^~~~~~~~~
../src/simAvion.c:347:59: warning: passing argument 2 of 'safePrint' makes pointer from integer without a cast [-Wint-conversion]
   safePrint("Nb d'avions en attente de decollage : %d\n", dataDecollage.OSNMsgs);
                                                           ^~~~~~~~~~~~~
In file included from ../src/simAvion.c:18:0:
../src/simAvion.h:158:7: note: expected 'void *' but argument is of type 'INT16U {aka short unsigned int}'
 void  safePrint(const char* msg, void* arg);
       ^~~~~~~~~
../src/simAvion.c: In function 'errMsg':
../src/simAvion.c:424:21: warning: passing argument 2 of 'safePrint' makes pointer from integer without a cast [-Wint-conversion]
   safePrint("%d: ", err);
                     ^~~
../src/simAvion.c:413:6: note: expected 'void *' but argument is of type 'uint8_t {aka unsigned char}'
 void safePrint(const char* msg, void* arg) {
      ^~~~~~~~~
'Finished building: ../src/simAvion.c'
' '
'Building target: Lab2.elf'
'Invoking: ARM v7 gcc linker'
arm-none-eabi-gcc -mcpu=cortex-a9 -mfpu=vfpv3 -mfloat-abi=hard -Wl,-build-id=none -specs=Xilinx.spec -Wl,-T -Wl,../src/lscript.ld -L../../standalone_bsp_0/ps7_cortexa9_0/lib -o "Lab2.elf"  ./src/ucos/CortexA-MPCore_GIC_a.o ./src/ucos/CortexA-MPCore_GIC_c.o ./src/ucos/CortexA-MPCore_PrivateTimer.o ./src/ucos/CortexA-MPCore_SCU.o ./src/ucos/asm_vectors.o ./src/ucos/os_core.o ./src/ucos/os_cpu_a.o ./src/ucos/os_cpu_c.o ./src/ucos/os_cpu_fpu_a.o ./src/ucos/os_dbg.o ./src/ucos/os_flag.o ./src/ucos/os_mbox.o ./src/ucos/os_mem.o ./src/ucos/os_mutex.o ./src/ucos/os_q.o ./src/ucos/os_sem.o ./src/ucos/os_task.o ./src/ucos/os_time.o ./src/ucos/os_tmr.o  ./src/bsp_init.o ./src/platform.o ./src/simAvion.o   -Wl,--start-group,-lxil,-lgcc,-lc,--end-group
'Finished building target: Lab2.elf'
' '
'Invoking: ARM v7 Print Size'
arm-none-eabi-size Lab2.elf  |tee "Lab2.elf.size"
   text	   data	    bss	    dec	    hex	filename
 143176	   4228	4665808	4813212	 49719c	Lab2.elf
'Finished building: Lab2.elf.size'
' '

20:23:18 Build Finished (took 1s.875ms)

